Java HotSpot(TM) 64-Bit Server VM (25.221-b11) for windows-amd64 JRE (1.8.0_221-b11), built on Jul  4 2019 04:39:29 by "java_re" with MS VC++ 10.0 (VS2010)
Memory: 4k page, physical 33402236k(23066836k free), swap 38382972k(25060724k free)
CommandLine flags: -XX:+HeapDumpOnOutOfMemoryError -XX:HeapDumpPath=F:\\jvm\\heapdump.hprof -XX:InitialHeapSize=268435456 -XX:MaxHeapSize=268435456 -XX:+PrintGC -XX:+PrintGCDateStamps -XX:+PrintGCDetails -XX:+PrintGCTimeStamps -XX:+UseCompressedClassPointers -XX:+UseCompressedOops -XX:-UseLargePagesIndividualAllocation -XX:+UseParallelGC 
2020-10-28T22:26:16.847+0800: 0.327: [GC (Allocation Failure) [PSYoungGen: 65447K->10744K(76288K)] 65447K->16961K(251392K), 0.0038989 secs] [Times: user=0.03 sys=0.00, real=0.00 secs] 
2020-10-28T22:26:16.867+0800: 0.346: [GC (Allocation Failure) [PSYoungGen: 76280K->10746K(76288K)] 82497K->35170K(251392K), 0.0061071 secs] [Times: user=0.00 sys=0.00, real=0.01 secs] 
2020-10-28T22:26:16.887+0800: 0.366: [GC (Allocation Failure) [PSYoungGen: 76262K->10750K(76288K)] 100686K->54571K(251392K), 0.0049401 secs] [Times: user=0.00 sys=0.00, real=0.00 secs] 
2020-10-28T22:26:16.902+0800: 0.382: [GC (Allocation Failure) [PSYoungGen: 76286K->10742K(76288K)] 120107K->70240K(251392K), 0.0046293 secs] [Times: user=0.00 sys=0.00, real=0.01 secs] 
2020-10-28T22:26:16.918+0800: 0.398: [GC (Allocation Failure) [PSYoungGen: 76278K->10743K(76288K)] 135776K->88030K(251392K), 0.0080096 secs] [Times: user=0.00 sys=0.02, real=0.01 secs] 
2020-10-28T22:26:16.942+0800: 0.420: [GC (Allocation Failure) [PSYoungGen: 76279K->10739K(40448K)] 153566K->103411K(215552K), 0.0052614 secs] [Times: user=0.01 sys=0.00, real=0.01 secs] 
2020-10-28T22:26:16.954+0800: 0.433: [GC (Allocation Failure) [PSYoungGen: 40333K->15791K(58368K)] 133005K->111577K(233472K), 0.0031312 secs] [Times: user=0.02 sys=0.00, real=0.00 secs] 
2020-10-28T22:26:16.964+0800: 0.443: [GC (Allocation Failure) [PSYoungGen: 45278K->19756K(58368K)] 141063K->118990K(233472K), 0.0032387 secs] [Times: user=0.00 sys=0.00, real=0.00 secs] 
2020-10-28T22:26:16.974+0800: 0.453: [GC (Allocation Failure) [PSYoungGen: 49345K->23903K(58368K)] 148580K->126685K(233472K), 0.0042886 secs] [Times: user=0.00 sys=0.00, real=0.00 secs] 
2020-10-28T22:26:16.986+0800: 0.465: [GC (Allocation Failure) [PSYoungGen: 53349K->16336K(58368K)] 156131K->134246K(233472K), 0.0049336 secs] [Times: user=0.05 sys=0.05, real=0.00 secs] 
2020-10-28T22:26:16.996+0800: 0.476: [GC (Allocation Failure) [PSYoungGen: 46011K->9234K(58368K)] 163922K->142379K(233472K), 0.0046539 secs] [Times: user=0.00 sys=0.00, real=0.00 secs] 
2020-10-28T22:26:17.007+0800: 0.487: [GC (Allocation Failure) [PSYoungGen: 38884K->9617K(58368K)] 172029K->151792K(233472K), 0.0032844 secs] [Times: user=0.00 sys=0.00, real=0.00 secs] 
2020-10-28T22:26:17.016+0800: 0.496: [GC (Allocation Failure) [PSYoungGen: 39271K->9436K(58368K)] 181447K->160321K(233472K), 0.0029213 secs] [Times: user=0.05 sys=0.05, real=0.00 secs] 
2020-10-28T22:26:17.026+0800: 0.506: [GC (Allocation Failure) [PSYoungGen: 39132K->7466K(58368K)] 190017K->167466K(233472K), 0.0029053 secs] [Times: user=0.00 sys=0.00, real=0.00 secs] 
2020-10-28T22:26:17.029+0800: 0.509: [Full GC (Ergonomics) [PSYoungGen: 7466K->0K(58368K)] [ParOldGen: 159999K->115041K(175104K)] 167466K->115041K(233472K), [Metaspace: 3313K->3313K(1056768K)], 0.0183102 secs] [Times: user=0.06 sys=0.02, real=0.02 secs] 
2020-10-28T22:26:17.054+0800: 0.533: [GC (Allocation Failure) [PSYoungGen: 29567K->8900K(58368K)] 144609K->123942K(233472K), 0.0013927 secs] [Times: user=0.00 sys=0.00, real=0.00 secs] 
2020-10-28T22:26:17.061+0800: 0.541: [GC (Allocation Failure) [PSYoungGen: 38596K->8437K(58368K)] 153638K->132068K(233472K), 0.0023782 secs] [Times: user=0.00 sys=0.00, real=0.00 secs] 
2020-10-28T22:26:17.068+0800: 0.548: [GC (Allocation Failure) [PSYoungGen: 38133K->6525K(58368K)] 161764K->138160K(233472K), 0.0018940 secs] [Times: user=0.00 sys=0.00, real=0.00 secs] 
2020-10-28T22:26:17.077+0800: 0.557: [GC (Allocation Failure) [PSYoungGen: 36029K->7422K(58368K)] 167665K->145071K(233472K), 0.0017865 secs] [Times: user=0.00 sys=0.00, real=0.00 secs] 
2020-10-28T22:26:17.084+0800: 0.564: [GC (Allocation Failure) [PSYoungGen: 37118K->8515K(58368K)] 174767K->152935K(233472K), 0.0019702 secs] [Times: user=0.00 sys=0.00, real=0.00 secs] 
2020-10-28T22:26:17.093+0800: 0.572: [GC (Allocation Failure) [PSYoungGen: 38211K->7476K(58368K)] 182631K->160063K(233472K), 0.0022393 secs] [Times: user=0.00 sys=0.00, real=0.00 secs] 
2020-10-28T22:26:17.101+0800: 0.581: [GC (Allocation Failure) [PSYoungGen: 37172K->9455K(58368K)] 189759K->169032K(233472K), 0.0024683 secs] [Times: user=0.00 sys=0.00, real=0.00 secs] 
2020-10-28T22:26:17.104+0800: 0.583: [Full GC (Ergonomics) [PSYoungGen: 9455K->0K(58368K)] [ParOldGen: 159577K->135787K(175104K)] 169032K->135787K(233472K), [Metaspace: 3313K->3313K(1056768K)], 0.0206988 secs] [Times: user=0.05 sys=0.00, real=0.02 secs] 
2020-10-28T22:26:17.130+0800: 0.609: [GC (Allocation Failure) [PSYoungGen: 29685K->10041K(58368K)] 165473K->145829K(233472K), 0.0014311 secs] [Times: user=0.00 sys=0.00, real=0.00 secs] 
2020-10-28T22:26:17.136+0800: 0.615: [GC (Allocation Failure) [PSYoungGen: 39737K->8636K(58368K)] 175525K->153668K(233472K), 0.0022491 secs] [Times: user=0.00 sys=0.00, real=0.00 secs] 
2020-10-28T22:26:17.142+0800: 0.622: [GC (Allocation Failure) [PSYoungGen: 38332K->9726K(58368K)] 183364K->162866K(233472K), 0.0022821 secs] [Times: user=0.02 sys=0.00, real=0.00 secs] 
2020-10-28T22:26:17.149+0800: 0.628: [GC (Allocation Failure) [PSYoungGen: 39422K->7956K(37888K)] 192562K->170350K(212992K), 0.0021869 secs] [Times: user=0.00 sys=0.00, real=0.00 secs] 
2020-10-28T22:26:17.151+0800: 0.631: [Full GC (Ergonomics) [PSYoungGen: 7956K->0K(37888K)] [ParOldGen: 162393K->146413K(175104K)] 170350K->146413K(212992K), [Metaspace: 3313K->3313K(1056768K)], 0.0184575 secs] [Times: user=0.11 sys=0.00, real=0.02 secs] 
2020-10-28T22:26:17.175+0800: 0.655: [GC (Allocation Failure) [PSYoungGen: 29499K->8320K(58368K)] 175912K->154733K(233472K), 0.0012700 secs] [Times: user=0.09 sys=0.00, real=0.00 secs] 
2020-10-28T22:26:17.182+0800: 0.662: [GC (Allocation Failure) [PSYoungGen: 39040K->9445K(57344K)] 185453K->163693K(232448K), 0.0025082 secs] [Times: user=0.00 sys=0.00, real=0.00 secs] 
2020-10-28T22:26:17.190+0800: 0.669: [GC (Allocation Failure) [PSYoungGen: 40165K->8065K(59392K)] 194413K->170962K(234496K), 0.0020192 secs] [Times: user=0.13 sys=0.00, real=0.00 secs] 
2020-10-28T22:26:17.192+0800: 0.671: [Full GC (Ergonomics) [PSYoungGen: 8065K->0K(59392K)] [ParOldGen: 162896K->153836K(175104K)] 170962K->153836K(234496K), [Metaspace: 3313K->3313K(1056768K)], 0.0169793 secs] [Times: user=0.11 sys=0.00, real=0.02 secs] 
2020-10-28T22:26:17.215+0800: 0.694: [GC (Allocation Failure) [PSYoungGen: 33792K->8906K(58368K)] 187628K->162743K(233472K), 0.0011696 secs] [Times: user=0.00 sys=0.00, real=0.00 secs] 
2020-10-28T22:26:17.221+0800: 0.700: [GC (Allocation Failure) [PSYoungGen: 42411K->19348K(58368K)] 196248K->173185K(233472K), 0.0024428 secs] [Times: user=0.11 sys=0.00, real=0.00 secs] 
2020-10-28T22:26:17.229+0800: 0.708: [GC (Allocation Failure) [PSYoungGen: 54129K->25598K(60416K)] 207965K->180576K(235520K), 0.0029668 secs] [Times: user=0.00 sys=0.00, real=0.00 secs] 
2020-10-28T22:26:17.237+0800: 0.716: [GC (Allocation Failure) [PSYoungGen: 60414K->18620K(56320K)] 215392K->189904K(231424K), 0.0040750 secs] [Times: user=0.11 sys=0.00, real=0.00 secs] 
2020-10-28T22:26:17.241+0800: 0.720: [Full GC (Ergonomics) [PSYoungGen: 18620K->0K(56320K)] [ParOldGen: 171284K->163087K(175104K)] 189904K->163087K(231424K), [Metaspace: 3313K->3313K(1056768K)], 0.0190719 secs] [Times: user=0.03 sys=0.00, real=0.02 secs] 
2020-10-28T22:26:17.265+0800: 0.744: [Full GC (Ergonomics) [PSYoungGen: 29618K->0K(56320K)] [ParOldGen: 163087K->165374K(175104K)] 192705K->165374K(231424K), [Metaspace: 3313K->3313K(1056768K)], 0.0177338 secs] [Times: user=0.09 sys=0.00, real=0.02 secs] 
2020-10-28T22:26:17.288+0800: 0.767: [Full GC (Ergonomics) [PSYoungGen: 29663K->0K(56320K)] [ParOldGen: 165374K->167203K(175104K)] 195038K->167203K(231424K), [Metaspace: 3313K->3313K(1056768K)], 0.0179679 secs] [Times: user=0.11 sys=0.00, real=0.02 secs] 
2020-10-28T22:26:17.310+0800: 0.789: [Full GC (Ergonomics) [PSYoungGen: 29696K->0K(56320K)] [ParOldGen: 167203K->167345K(175104K)] 196899K->167345K(231424K), [Metaspace: 3313K->3313K(1056768K)], 0.0174871 secs] [Times: user=0.11 sys=0.00, real=0.02 secs] 
2020-10-28T22:26:17.332+0800: 0.810: [Full GC (Ergonomics) [PSYoungGen: 29696K->0K(56320K)] [ParOldGen: 167345K->169576K(175104K)] 197041K->169576K(231424K), [Metaspace: 3313K->3313K(1056768K)], 0.0181285 secs] [Times: user=0.13 sys=0.00, real=0.02 secs] 
2020-10-28T22:26:17.354+0800: 0.833: [Full GC (Ergonomics) [PSYoungGen: 29696K->0K(56320K)] [ParOldGen: 169576K->172410K(175104K)] 199272K->172410K(231424K), [Metaspace: 3313K->3313K(1056768K)], 0.0197143 secs] [Times: user=0.09 sys=0.00, real=0.02 secs] 
2020-10-28T22:26:17.377+0800: 0.857: [Full GC (Ergonomics) [PSYoungGen: 29632K->0K(56320K)] [ParOldGen: 172410K->172670K(175104K)] 202042K->172670K(231424K), [Metaspace: 3313K->3313K(1056768K)], 0.0184467 secs] [Times: user=0.13 sys=0.00, real=0.02 secs] 
2020-10-28T22:26:17.400+0800: 0.880: [Full GC (Ergonomics) [PSYoungGen: 29580K->528K(56320K)] [ParOldGen: 172670K->174954K(175104K)] 202250K->175482K(231424K), [Metaspace: 3313K->3313K(1056768K)], 0.0195792 secs] [Times: user=0.11 sys=0.00, real=0.02 secs] 
2020-10-28T22:26:17.427+0800: 0.907: [Full GC (Ergonomics) [PSYoungGen: 29521K->1866K(56320K)] [ParOldGen: 174954K->175042K(175104K)] 204475K->176908K(231424K), [Metaspace: 3313K->3313K(1056768K)], 0.0237036 secs] [Times: user=0.06 sys=0.00, real=0.02 secs] 
2020-10-28T22:26:17.456+0800: 0.935: [Full GC (Ergonomics) [PSYoungGen: 29696K->3064K(56320K)] [ParOldGen: 175042K->175066K(175104K)] 204738K->178130K(231424K), [Metaspace: 3313K->3313K(1056768K)], 0.0200561 secs] [Times: user=0.09 sys=0.00, real=0.02 secs] 
2020-10-28T22:26:17.480+0800: 0.960: [Full GC (Ergonomics) [PSYoungGen: 29564K->3630K(56320K)] [ParOldGen: 175066K->174845K(175104K)] 204630K->178476K(231424K), [Metaspace: 3313K->3313K(1056768K)], 0.0201281 secs] [Times: user=0.09 sys=0.00, real=0.02 secs] 
2020-10-28T22:26:17.505+0800: 0.984: [Full GC (Ergonomics) [PSYoungGen: 29696K->6664K(56320K)] [ParOldGen: 174845K->174876K(175104K)] 204541K->181541K(231424K), [Metaspace: 3313K->3313K(1056768K)], 0.0210161 secs] [Times: user=0.11 sys=0.00, real=0.02 secs] 
2020-10-28T22:26:17.529+0800: 1.009: [Full GC (Ergonomics) [PSYoungGen: 29696K->6409K(56320K)] [ParOldGen: 174876K->174882K(175104K)] 204572K->181292K(231424K), [Metaspace: 3445K->3445K(1056768K)], 0.0209612 secs] [Times: user=0.11 sys=0.00, real=0.02 secs] 
2020-10-28T22:26:17.554+0800: 1.033: [Full GC (Ergonomics) [PSYoungGen: 29696K->6487K(56320K)] [ParOldGen: 174882K->174676K(175104K)] 204578K->181164K(231424K), [Metaspace: 3471K->3471K(1056768K)], 0.0183892 secs] [Times: user=0.11 sys=0.00, real=0.02 secs] 
2020-10-28T22:26:17.577+0800: 1.057: [Full GC (Ergonomics) [PSYoungGen: 29696K->5162K(56320K)] [ParOldGen: 174676K->174925K(175104K)] 204372K->180088K(231424K), [Metaspace: 3615K->3615K(1056768K)], 0.0204266 secs] [Times: user=0.13 sys=0.00, real=0.02 secs] 
2020-10-28T22:26:17.602+0800: 1.081: [Full GC (Ergonomics) [PSYoungGen: 29679K->6524K(56320K)] [ParOldGen: 174925K->174742K(175104K)] 204605K->181266K(231424K), [Metaspace: 3638K->3638K(1056768K)], 0.0201508 secs] [Times: user=0.05 sys=0.00, real=0.02 secs] 
2020-10-28T22:26:17.626+0800: 1.105: [Full GC (Ergonomics) [PSYoungGen: 29608K->7169K(56320K)] [ParOldGen: 174742K->174807K(175104K)] 204351K->181977K(231424K), [Metaspace: 3745K->3745K(1056768K)], 0.0203090 secs] [Times: user=0.22 sys=0.00, real=0.02 secs] 
2020-10-28T22:26:17.652+0800: 1.131: [Full GC (Ergonomics) [PSYoungGen: 29633K->7276K(56320K)] [ParOldGen: 174807K->174739K(175104K)] 204441K->182015K(231424K), [Metaspace: 3830K->3830K(1056768K)], 0.0220293 secs] [Times: user=0.09 sys=0.00, real=0.02 secs] 
2020-10-28T22:26:17.678+0800: 1.157: [Full GC (Ergonomics) [PSYoungGen: 29520K->8442K(56320K)] [ParOldGen: 174739K->174701K(175104K)] 204260K->183144K(231424K), [Metaspace: 3830K->3830K(1056768K)], 0.0202603 secs] [Times: user=0.11 sys=0.00, real=0.02 secs] 
2020-10-28T22:26:17.701+0800: 1.180: [Full GC (Ergonomics) [PSYoungGen: 29696K->8687K(56320K)] [ParOldGen: 174701K->174852K(175104K)] 204397K->183540K(231424K), [Metaspace: 3830K->3830K(1056768K)], 0.0195547 secs] [Times: user=0.11 sys=0.00, real=0.02 secs] 
2020-10-28T22:26:17.725+0800: 1.204: [Full GC (Ergonomics) [PSYoungGen: 29607K->8509K(56320K)] [ParOldGen: 174852K->174706K(175104K)] 204459K->183216K(231424K), [Metaspace: 3830K->3830K(1056768K)], 0.0201896 secs] [Times: user=0.08 sys=0.00, real=0.02 secs] 
2020-10-28T22:26:17.747+0800: 1.227: [Full GC (Ergonomics) [PSYoungGen: 29696K->10050K(56320K)] [ParOldGen: 174706K->174707K(175104K)] 204402K->184757K(231424K), [Metaspace: 3830K->3830K(1056768K)], 0.0225256 secs] [Times: user=0.14 sys=0.05, real=0.02 secs] 
2020-10-28T22:26:17.775+0800: 1.254: [Full GC (Ergonomics) [PSYoungGen: 29641K->9411K(56320K)] [ParOldGen: 174707K->175088K(175104K)] 204348K->184500K(231424K), [Metaspace: 3830K->3830K(1056768K)], 0.0202045 secs] [Times: user=0.09 sys=0.00, real=0.02 secs] 
2020-10-28T22:26:17.798+0800: 1.277: [Full GC (Ergonomics) [PSYoungGen: 29696K->9703K(56320K)] [ParOldGen: 175088K->174912K(175104K)] 204784K->184615K(231424K), [Metaspace: 3830K->3830K(1056768K)], 0.0198129 secs] [Times: user=0.20 sys=0.00, real=0.02 secs] 
2020-10-28T22:26:17.821+0800: 1.300: [Full GC (Ergonomics) [PSYoungGen: 29678K->11111K(56320K)] [ParOldGen: 174912K->174529K(175104K)] 204590K->185640K(231424K), [Metaspace: 3830K->3830K(1056768K)], 0.0193273 secs] [Times: user=0.09 sys=0.00, real=0.02 secs] 
2020-10-28T22:26:17.844+0800: 1.323: [Full GC (Ergonomics) [PSYoungGen: 29652K->10587K(56320K)] [ParOldGen: 174529K->174758K(175104K)] 204181K->185345K(231424K), [Metaspace: 3830K->3830K(1056768K)], 0.0206978 secs] [Times: user=0.20 sys=0.00, real=0.02 secs] 
2020-10-28T22:26:17.867+0800: 1.346: [Full GC (Ergonomics) [PSYoungGen: 29696K->10292K(56320K)] [ParOldGen: 174758K->174622K(175104K)] 204454K->184914K(231424K), [Metaspace: 3830K->3830K(1056768K)], 0.0199317 secs] [Times: user=0.11 sys=0.00, real=0.02 secs] 
2020-10-28T22:26:17.890+0800: 1.369: [Full GC (Ergonomics) [PSYoungGen: 29696K->8779K(56320K)] [ParOldGen: 174622K->175034K(175104K)] 204318K->183814K(231424K), [Metaspace: 3830K->3830K(1056768K)], 0.0175610 secs] [Times: user=0.08 sys=0.00, real=0.02 secs] 
2020-10-28T22:26:17.911+0800: 1.390: [Full GC (Ergonomics) [PSYoungGen: 29696K->9729K(56320K)] [ParOldGen: 175034K->175103K(175104K)] 204730K->184832K(231424K), [Metaspace: 3830K->3830K(1056768K)], 0.0204461 secs] [Times: user=0.11 sys=0.00, real=0.02 secs] 
2020-10-28T22:26:17.935+0800: 1.414: [Full GC (Ergonomics) [PSYoungGen: 29628K->11143K(56320K)] [ParOldGen: 175103K->174964K(175104K)] 204731K->186107K(231424K), [Metaspace: 3830K->3830K(1056768K)], 0.0191184 secs] [Times: user=0.09 sys=0.00, real=0.02 secs] 
2020-10-28T22:26:17.957+0800: 1.436: [Full GC (Ergonomics) [PSYoungGen: 29672K->12498K(56320K)] [ParOldGen: 174964K->175032K(175104K)] 204636K->187531K(231424K), [Metaspace: 3830K->3830K(1056768K)], 0.0186971 secs] [Times: user=0.19 sys=0.02, real=0.02 secs] 
2020-10-28T22:26:17.979+0800: 1.458: [Full GC (Ergonomics) [PSYoungGen: 29696K->11662K(56320K)] [ParOldGen: 175032K->175086K(175104K)] 204728K->186749K(231424K), [Metaspace: 3830K->3830K(1056768K)], 0.0182087 secs] [Times: user=0.09 sys=0.00, real=0.02 secs] 
2020-10-28T22:26:18.002+0800: 1.481: [Full GC (Ergonomics) [PSYoungGen: 29678K->12047K(56320K)] [ParOldGen: 175086K->174938K(175104K)] 204765K->186986K(231424K), [Metaspace: 3830K->3830K(1056768K)], 0.0198129 secs] [Times: user=0.11 sys=0.00, real=0.02 secs] 
2020-10-28T22:26:18.025+0800: 1.504: [Full GC (Ergonomics) [PSYoungGen: 29439K->11866K(56320K)] [ParOldGen: 174938K->174806K(175104K)] 204378K->186673K(231424K), [Metaspace: 3830K->3830K(1056768K)], 0.0214396 secs] [Times: user=0.08 sys=0.00, real=0.02 secs] 
2020-10-28T22:26:18.050+0800: 1.529: [Full GC (Ergonomics) [PSYoungGen: 29438K->11298K(56320K)] [ParOldGen: 174806K->175040K(175104K)] 204244K->186339K(231424K), [Metaspace: 3830K->3830K(1056768K)], 0.0207840 secs] [Times: user=0.08 sys=0.00, real=0.02 secs] 
2020-10-28T22:26:18.073+0800: 1.553: [Full GC (Ergonomics) [PSYoungGen: 29686K->10975K(56320K)] [ParOldGen: 175040K->174841K(175104K)] 204727K->185817K(231424K), [Metaspace: 3830K->3830K(1056768K)], 0.0238919 secs] [Times: user=0.06 sys=0.01, real=0.02 secs] 
2020-10-28T22:26:18.102+0800: 1.582: [Full GC (Ergonomics) [PSYoungGen: 29696K->10364K(56320K)] [ParOldGen: 174841K->174868K(175104K)] 204537K->185233K(231424K), [Metaspace: 3830K->3830K(1056768K)], 0.0250959 secs] [Times: user=0.02 sys=0.00, real=0.03 secs] 
2020-10-28T22:26:18.131+0800: 1.610: [Full GC (Ergonomics) [PSYoungGen: 29598K->13112K(56320K)] [ParOldGen: 174868K->174678K(175104K)] 204467K->187791K(231424K), [Metaspace: 3830K->3830K(1056768K)], 0.0296075 secs] [Times: user=0.08 sys=0.00, real=0.03 secs] 
2020-10-28T22:26:18.165+0800: 1.644: [Full GC (Ergonomics) [PSYoungGen: 29674K->12912K(56320K)] [ParOldGen: 174678K->174664K(175104K)] 204353K->187576K(231424K), [Metaspace: 3830K->3830K(1056768K)], 0.0402002 secs] [Times: user=0.08 sys=0.00, real=0.04 secs] 
2020-10-28T22:26:18.210+0800: 1.689: [Full GC (Ergonomics) [PSYoungGen: 29696K->13310K(56320K)] [ParOldGen: 174664K->174668K(175104K)] 204360K->187978K(231424K), [Metaspace: 3830K->3830K(1056768K)], 0.0252539 secs] [Times: user=0.05 sys=0.00, real=0.02 secs] 
2020-10-28T22:26:18.238+0800: 1.717: [Full GC (Ergonomics) [PSYoungGen: 29596K->13631K(56320K)] [ParOldGen: 174668K->174969K(175104K)] 204264K->188600K(231424K), [Metaspace: 3830K->3830K(1056768K)], 0.0201694 secs] [Times: user=0.17 sys=0.00, real=0.02 secs] 
2020-10-28T22:26:18.260+0800: 1.739: [Full GC (Ergonomics) [PSYoungGen: 29386K->14518K(56320K)] [ParOldGen: 174969K->174926K(175104K)] 204356K->189445K(231424K), [Metaspace: 3830K->3830K(1056768K)], 0.0235552 secs] [Times: user=0.08 sys=0.00, real=0.02 secs] 
2020-10-28T22:26:18.286+0800: 1.766: [Full GC (Ergonomics) [PSYoungGen: 29696K->14056K(56320K)] [ParOldGen: 174926K->174638K(175104K)] 204622K->188694K(231424K), [Metaspace: 3830K->3830K(1056768K)], 0.0228039 secs] [Times: user=0.06 sys=0.00, real=0.02 secs] 
2020-10-28T22:26:18.312+0800: 1.792: [Full GC (Ergonomics) [PSYoungGen: 29691K->14161K(56320K)] [ParOldGen: 174638K->174976K(175104K)] 204329K->189138K(231424K), [Metaspace: 3830K->3830K(1056768K)], 0.0183573 secs] [Times: user=0.09 sys=0.00, real=0.02 secs] 
2020-10-28T22:26:18.334+0800: 1.814: [Full GC (Ergonomics) [PSYoungGen: 29596K->14984K(56320K)] [ParOldGen: 174976K->174730K(175104K)] 204573K->189715K(231424K), [Metaspace: 3830K->3830K(1056768K)], 0.0178037 secs] [Times: user=0.11 sys=0.00, real=0.02 secs] 
2020-10-28T22:26:18.355+0800: 1.834: [Full GC (Ergonomics) [PSYoungGen: 29663K->14561K(56320K)] [ParOldGen: 174730K->175085K(175104K)] 204393K->189647K(231424K), [Metaspace: 3830K->3830K(1056768K)], 0.0194719 secs] [Times: user=0.02 sys=0.00, real=0.02 secs] 
2020-10-28T22:26:18.377+0800: 1.856: [Full GC (Ergonomics) [PSYoungGen: 29667K->14489K(56320K)] [ParOldGen: 175085K->174649K(175104K)] 204752K->189139K(231424K), [Metaspace: 3830K->3830K(1056768K)], 0.0207095 secs] [Times: user=0.13 sys=0.00, real=0.02 secs] 
2020-10-28T22:26:18.400+0800: 1.880: [Full GC (Ergonomics) [PSYoungGen: 29556K->15913K(56320K)] [ParOldGen: 174649K->174737K(175104K)] 204206K->190650K(231424K), [Metaspace: 3830K->3830K(1056768K)], 0.0205399 secs] [Times: user=0.09 sys=0.02, real=0.02 secs] 
2020-10-28T22:26:18.424+0800: 1.903: [Full GC (Ergonomics) [PSYoungGen: 29477K->16511K(56320K)] [ParOldGen: 174737K->175053K(175104K)] 204214K->191565K(231424K), [Metaspace: 3830K->3830K(1056768K)], 0.0205223 secs] [Times: user=0.20 sys=0.00, real=0.02 secs] 
2020-10-28T22:26:18.446+0800: 1.926: [Full GC (Ergonomics) [PSYoungGen: 29664K->16730K(56320K)] [ParOldGen: 175053K->174980K(175104K)] 204718K->191710K(231424K), [Metaspace: 3830K->3830K(1056768K)], 0.0206451 secs] [Times: user=0.09 sys=0.00, real=0.02 secs] 
2020-10-28T22:26:18.469+0800: 1.949: [Full GC (Ergonomics) [PSYoungGen: 29617K->16534K(56320K)] [ParOldGen: 174980K->174691K(175104K)] 204598K->191226K(231424K), [Metaspace: 3830K->3830K(1056768K)], 0.0218856 secs] [Times: user=0.16 sys=0.02, real=0.02 secs] 
2020-10-28T22:26:18.494+0800: 1.973: [Full GC (Ergonomics) [PSYoungGen: 29692K->17669K(56320K)] [ParOldGen: 174691K->174556K(175104K)] 204384K->192226K(231424K), [Metaspace: 3830K->3830K(1056768K)], 0.0229658 secs] [Times: user=0.09 sys=0.02, real=0.02 secs] 
2020-10-28T22:26:18.519+0800: 1.998: [Full GC (Ergonomics) [PSYoungGen: 29685K->17200K(56320K)] [ParOldGen: 174556K->174672K(175104K)] 204241K->191873K(231424K), [Metaspace: 3830K->3830K(1056768K)], 0.0200181 secs] [Times: user=0.22 sys=0.00, real=0.02 secs] 
2020-10-28T22:26:18.541+0800: 2.021: [Full GC (Ergonomics) [PSYoungGen: 29650K->16994K(56320K)] [ParOldGen: 174672K->174599K(175104K)] 204323K->191594K(231424K), [Metaspace: 3830K->3830K(1056768K)], 0.0194195 secs] [Times: user=0.11 sys=0.00, real=0.02 secs] 
2020-10-28T22:26:18.563+0800: 2.043: [Full GC (Ergonomics) [PSYoungGen: 29676K->15278K(56320K)] [ParOldGen: 174599K->175060K(175104K)] 204276K->190339K(231424K), [Metaspace: 3830K->3830K(1056768K)], 0.0189685 secs] [Times: user=0.20 sys=0.00, real=0.02 secs] 
2020-10-28T22:26:18.585+0800: 2.065: [Full GC (Ergonomics) [PSYoungGen: 29596K->15713K(56320K)] [ParOldGen: 175060K->174931K(175104K)] 204657K->190644K(231424K), [Metaspace: 3830K->3830K(1056768K)], 0.0202219 secs] [Times: user=0.08 sys=0.00, real=0.02 secs] 
2020-10-28T22:26:18.608+0800: 2.087: [Full GC (Ergonomics) [PSYoungGen: 29616K->16221K(56320K)] [ParOldGen: 174931K->174725K(175104K)] 204547K->190947K(231424K), [Metaspace: 3830K->3830K(1056768K)], 0.0213855 secs] [Times: user=0.22 sys=0.00, real=0.02 secs] 
2020-10-28T22:26:18.632+0800: 2.111: [Full GC (Ergonomics) [PSYoungGen: 29690K->16838K(56320K)] [ParOldGen: 174725K->174913K(175104K)] 204416K->191752K(231424K), [Metaspace: 3830K->3830K(1056768K)], 0.0208571 secs] [Times: user=0.11 sys=0.00, real=0.02 secs] 
2020-10-28T22:26:18.655+0800: 2.134: [Full GC (Ergonomics) [PSYoungGen: 29646K->17395K(56320K)] [ParOldGen: 174913K->174778K(175104K)] 204560K->192174K(231424K), [Metaspace: 3830K->3830K(1056768K)], 0.0231243 secs] [Times: user=0.20 sys=0.00, real=0.02 secs] 
2020-10-28T22:26:18.681+0800: 2.160: [Full GC (Ergonomics) [PSYoungGen: 29575K->17564K(56320K)] [ParOldGen: 174778K->174897K(175104K)] 204354K->192462K(231424K), [Metaspace: 3830K->3830K(1056768K)], 0.0204814 secs] [Times: user=0.08 sys=0.02, real=0.02 secs] 
2020-10-28T22:26:18.705+0800: 2.184: [Full GC (Ergonomics) [PSYoungGen: 29696K->17303K(56320K)] [ParOldGen: 174897K->175028K(175104K)] 204593K->192331K(231424K), [Metaspace: 3830K->3830K(1056768K)], 0.0215589 secs] [Times: user=0.16 sys=0.00, real=0.02 secs] 
2020-10-28T22:26:18.728+0800: 2.207: [Full GC (Ergonomics) [PSYoungGen: 29696K->18340K(56320K)] [ParOldGen: 175028K->174771K(175104K)] 204724K->193112K(231424K), [Metaspace: 3830K->3830K(1056768K)], 0.0213115 secs] [Times: user=0.11 sys=0.00, real=0.02 secs] 
2020-10-28T22:26:18.752+0800: 2.231: [Full GC (Ergonomics) [PSYoungGen: 29636K->18790K(56320K)] [ParOldGen: 174771K->174879K(175104K)] 204408K->193669K(231424K), [Metaspace: 3830K->3830K(1056768K)], 0.0236074 secs] [Times: user=0.16 sys=0.00, real=0.02 secs] 
2020-10-28T22:26:18.777+0800: 2.256: [Full GC (Ergonomics) [PSYoungGen: 29692K->18922K(56320K)] [ParOldGen: 174879K->175091K(175104K)] 204572K->194014K(231424K), [Metaspace: 3830K->3830K(1056768K)], 0.0232858 secs] [Times: user=0.06 sys=0.00, real=0.02 secs] 
2020-10-28T22:26:18.802+0800: 2.281: [Full GC (Ergonomics) [PSYoungGen: 29696K->19312K(56320K)] [ParOldGen: 175091K->174734K(175104K)] 204787K->194046K(231424K), [Metaspace: 3830K->3830K(1056768K)], 0.0240842 secs] [Times: user=0.08 sys=0.00, real=0.02 secs] 
2020-10-28T22:26:18.827+0800: 2.307: [Full GC (Ergonomics) [PSYoungGen: 29621K->19265K(56320K)] [ParOldGen: 174734K->174831K(175104K)] 204356K->194097K(231424K), [Metaspace: 3830K->3830K(1056768K)], 0.0198172 secs] [Times: user=0.11 sys=0.00, real=0.02 secs] 
2020-10-28T22:26:18.848+0800: 2.328: [Full GC (Ergonomics) [PSYoungGen: 29430K->19383K(56320K)] [ParOldGen: 174831K->174884K(175104K)] 204261K->194267K(231424K), [Metaspace: 3830K->3830K(1056768K)], 0.0204750 secs] [Times: user=0.05 sys=0.00, real=0.02 secs] 
2020-10-28T22:26:18.871+0800: 2.350: [Full GC (Ergonomics) [PSYoungGen: 29696K->20662K(56320K)] [ParOldGen: 174884K->174363K(175104K)] 204580K->195025K(231424K), [Metaspace: 3830K->3830K(1056768K)], 0.0223206 secs] [Times: user=0.09 sys=0.02, real=0.02 secs] 
2020-10-28T22:26:18.894+0800: 2.374: [Full GC (Ergonomics) [PSYoungGen: 29675K->19749K(56320K)] [ParOldGen: 174363K->175031K(175104K)] 204038K->194781K(231424K), [Metaspace: 3830K->3830K(1056768K)], 0.0198411 secs] [Times: user=0.11 sys=0.00, real=0.02 secs] 
2020-10-28T22:26:18.916+0800: 2.395: [Full GC (Ergonomics) [PSYoungGen: 29696K->19086K(56320K)] [ParOldGen: 175031K->175038K(175104K)] 204727K->194125K(231424K), [Metaspace: 3830K->3830K(1056768K)], 0.0229036 secs] [Times: user=0.06 sys=0.00, real=0.02 secs] 
2020-10-28T22:26:18.941+0800: 2.420: [Full GC (Ergonomics) [PSYoungGen: 29657K->18985K(56320K)] [ParOldGen: 175038K->175030K(175104K)] 204695K->194015K(231424K), [Metaspace: 3830K->3830K(1056768K)], 0.0241594 secs] [Times: user=0.09 sys=0.00, real=0.02 secs] 
2020-10-28T22:26:18.968+0800: 2.447: [Full GC (Ergonomics) [PSYoungGen: 29696K->19607K(56320K)] [ParOldGen: 175030K->174835K(175104K)] 204726K->194442K(231424K), [Metaspace: 3830K->3830K(1056768K)], 0.0244672 secs] [Times: user=0.14 sys=0.00, real=0.02 secs] 
2020-10-28T22:26:18.995+0800: 2.475: [Full GC (Ergonomics) [PSYoungGen: 29596K->20044K(56320K)] [ParOldGen: 174835K->174912K(175104K)] 204431K->194956K(231424K), [Metaspace: 3830K->3830K(1056768K)], 0.0330525 secs] [Times: user=0.09 sys=0.01, real=0.03 secs] 
2020-10-28T22:26:19.031+0800: 2.510: [Full GC (Ergonomics) [PSYoungGen: 29513K->21085K(56320K)] [ParOldGen: 174912K->174792K(175104K)] 204425K->195877K(231424K), [Metaspace: 3830K->3830K(1056768K)], 0.0307454 secs] [Times: user=0.13 sys=0.00, real=0.03 secs] 
2020-10-28T22:26:19.063+0800: 2.543: [Full GC (Ergonomics) [PSYoungGen: 29555K->21237K(56320K)] [ParOldGen: 174792K->175071K(175104K)] 204347K->196309K(231424K), [Metaspace: 3830K->3830K(1056768K)], 0.0219125 secs] [Times: user=0.17 sys=0.02, real=0.02 secs] 
2020-10-28T22:26:19.087+0800: 2.566: [Full GC (Ergonomics) [PSYoungGen: 29669K->21409K(56320K)] [ParOldGen: 175071K->174646K(175104K)] 204741K->196056K(231424K), [Metaspace: 3830K->3830K(1056768K)], 0.0227434 secs] [Times: user=0.09 sys=0.00, real=0.02 secs] 
2020-10-28T22:26:19.112+0800: 2.591: [Full GC (Ergonomics) [PSYoungGen: 29696K->21322K(56320K)] [ParOldGen: 174646K->174932K(175104K)] 204342K->196254K(231424K), [Metaspace: 3830K->3830K(1056768K)], 0.0300718 secs] [Times: user=0.06 sys=0.01, real=0.03 secs] 
2020-10-28T22:26:19.145+0800: 2.624: [Full GC (Ergonomics) [PSYoungGen: 29645K->21045K(56320K)] [ParOldGen: 174932K->175103K(175104K)] 204578K->196149K(231424K), [Metaspace: 3830K->3830K(1056768K)], 0.0229261 secs] [Times: user=0.09 sys=0.00, real=0.02 secs] 
2020-10-28T22:26:19.170+0800: 2.649: [Full GC (Ergonomics) [PSYoungGen: 29696K->22003K(56320K)] [ParOldGen: 175103K->174549K(175104K)] 204799K->196553K(231424K), [Metaspace: 3830K->3830K(1056768K)], 0.0311419 secs] [Times: user=0.14 sys=0.00, real=0.03 secs] 
2020-10-28T22:26:19.202+0800: 2.681: [Full GC (Ergonomics) [PSYoungGen: 29696K->21670K(56320K)] [ParOldGen: 174549K->174954K(175104K)] 204245K->196624K(231424K), [Metaspace: 3830K->3830K(1056768K)], 0.0302885 secs] [Times: user=0.09 sys=0.00, real=0.03 secs] 
2020-10-28T22:26:19.234+0800: 2.714: [Full GC (Ergonomics) [PSYoungGen: 29695K->22302K(56320K)] [ParOldGen: 174954K->174757K(175104K)] 204650K->197059K(231424K), [Metaspace: 3830K->3830K(1056768K)], 0.0297601 secs] [Times: user=0.09 sys=0.00, real=0.03 secs] 
2020-10-28T22:26:19.266+0800: 2.745: [Full GC (Ergonomics) [PSYoungGen: 29682K->21634K(56320K)] [ParOldGen: 174757K->174982K(175104K)] 204440K->196616K(231424K), [Metaspace: 3830K->3830K(1056768K)], 0.0273417 secs] [Times: user=0.11 sys=0.03, real=0.03 secs] 
2020-10-28T22:26:19.295+0800: 2.774: [Full GC (Ergonomics) [PSYoungGen: 29696K->21304K(56320K)] [ParOldGen: 174982K->174612K(175104K)] 204678K->195917K(231424K), [Metaspace: 3830K->3830K(1056768K)], 0.0229353 secs] [Times: user=0.14 sys=0.00, real=0.02 secs] 
2020-10-28T22:26:19.320+0800: 2.799: [Full GC (Ergonomics) [PSYoungGen: 29538K->21055K(56320K)] [ParOldGen: 174612K->174839K(175104K)] 204151K->195895K(231424K), [Metaspace: 3830K->3830K(1056768K)], 0.0280326 secs] [Times: user=0.06 sys=0.02, real=0.03 secs] 
2020-10-28T22:26:19.349+0800: 2.829: [Full GC (Ergonomics) [PSYoungGen: 29444K->20883K(56320K)] [ParOldGen: 174839K->174995K(175104K)] 204284K->195879K(231424K), [Metaspace: 3830K->3830K(1056768K)], 0.0287238 secs] [Times: user=0.06 sys=0.00, real=0.03 secs] 
2020-10-28T22:26:19.380+0800: 2.859: [Full GC (Ergonomics) [PSYoungGen: 29634K->22724K(56320K)] [ParOldGen: 174995K->174592K(175104K)] 204630K->197316K(231424K), [Metaspace: 3830K->3830K(1056768K)], 0.0243528 secs] [Times: user=0.06 sys=0.00, real=0.02 secs] 
2020-10-28T22:26:19.405+0800: 2.885: [Full GC (Ergonomics) [PSYoungGen: 29680K->22500K(56320K)] [ParOldGen: 174592K->174803K(175104K)] 204272K->197303K(231424K), [Metaspace: 3830K->3830K(1056768K)], 0.0214393 secs] [Times: user=0.13 sys=0.02, real=0.02 secs] 
2020-10-28T22:26:19.428+0800: 2.907: [Full GC (Ergonomics) [PSYoungGen: 29477K->23026K(56320K)] [ParOldGen: 174803K->174794K(175104K)] 204281K->197821K(231424K), [Metaspace: 3830K->3830K(1056768K)], 0.0202412 secs] [Times: user=0.05 sys=0.00, real=0.02 secs] 
2020-10-28T22:26:19.450+0800: 2.929: [Full GC (Ergonomics) [PSYoungGen: 29554K->23538K(56320K)] [ParOldGen: 174794K->174620K(175104K)] 204349K->198158K(231424K), [Metaspace: 3830K->3830K(1056768K)], 0.0283208 secs] [Times: user=0.14 sys=0.00, real=0.03 secs] 
2020-10-28T22:26:19.480+0800: 2.959: [Full GC (Ergonomics) [PSYoungGen: 29617K->23745K(56320K)] [ParOldGen: 174620K->175028K(175104K)] 204237K->198773K(231424K), [Metaspace: 3830K->3830K(1056768K)], 0.0190190 secs] [Times: user=0.05 sys=0.00, real=0.02 secs] 
2020-10-28T22:26:19.500+0800: 2.979: [Full GC (Ergonomics) [PSYoungGen: 29517K->23084K(56320K)] [ParOldGen: 175028K->174778K(175104K)] 204546K->197863K(231424K), [Metaspace: 3830K->3830K(1056768K)], 0.0210523 secs] [Times: user=0.17 sys=0.00, real=0.02 secs] 
2020-10-28T22:26:19.522+0800: 3.001: [Full GC (Ergonomics) [PSYoungGen: 29566K->23601K(56320K)] [ParOldGen: 174778K->174955K(175104K)] 204345K->198557K(231424K), [Metaspace: 3830K->3830K(1056768K)], 0.0233601 secs] [Times: user=0.09 sys=0.00, real=0.02 secs] 
2020-10-28T22:26:19.547+0800: 3.026: [Full GC (Ergonomics) [PSYoungGen: 29693K->23097K(56320K)] [ParOldGen: 174955K->175078K(175104K)] 204648K->198175K(231424K), [Metaspace: 3830K->3830K(1056768K)], 0.0253462 secs] [Times: user=0.13 sys=0.00, real=0.03 secs] 
2020-10-28T22:26:19.574+0800: 3.053: [Full GC (Ergonomics) [PSYoungGen: 29530K->24231K(56320K)] [ParOldGen: 175078K->174623K(175104K)] 204609K->198854K(231424K), [Metaspace: 3830K->3830K(1056768K)], 0.0267978 secs] [Times: user=0.13 sys=0.00, real=0.03 secs] 
2020-10-28T22:26:19.601+0800: 3.081: [Full GC (Ergonomics) [PSYoungGen: 29652K->24041K(56320K)] [ParOldGen: 174623K->174811K(175104K)] 204276K->198852K(231424K), [Metaspace: 3830K->3830K(1056768K)], 0.0244569 secs] [Times: user=0.09 sys=0.00, real=0.02 secs] 
2020-10-28T22:26:19.627+0800: 3.107: [Full GC (Ergonomics) [PSYoungGen: 29626K->23902K(56320K)] [ParOldGen: 174811K->175103K(175104K)] 204437K->199006K(231424K), [Metaspace: 3830K->3830K(1056768K)], 0.0254450 secs] [Times: user=0.09 sys=0.00, real=0.03 secs] 
2020-10-28T22:26:19.654+0800: 3.133: [Full GC (Ergonomics) [PSYoungGen: 29668K->24494K(56320K)] [ParOldGen: 175103K->174973K(175104K)] 204771K->199467K(231424K), [Metaspace: 3830K->3830K(1056768K)], 0.0252282 secs] [Times: user=0.17 sys=0.00, real=0.02 secs] 
2020-10-28T22:26:19.680+0800: 3.159: [Full GC (Ergonomics) [PSYoungGen: 29660K->24221K(56320K)] [ParOldGen: 174973K->175040K(175104K)] 204633K->199261K(231424K), [Metaspace: 3830K->3830K(1056768K)], 0.0241697 secs] [Times: user=0.08 sys=0.00, real=0.02 secs] 
2020-10-28T22:26:19.705+0800: 3.185: [Full GC (Ergonomics) [PSYoungGen: 29603K->24666K(56320K)] [ParOldGen: 175040K->174701K(175104K)] 204643K->199368K(231424K), [Metaspace: 3830K->3830K(1056768K)], 0.0203517 secs] [Times: user=0.08 sys=0.00, real=0.02 secs] 
2020-10-28T22:26:19.726+0800: 3.206: [Full GC (Ergonomics) [PSYoungGen: 29649K->24411K(56320K)] [ParOldGen: 174701K->174711K(175104K)] 204351K->199123K(231424K), [Metaspace: 3830K->3830K(1056768K)], 0.0180230 secs] [Times: user=0.08 sys=0.02, real=0.02 secs] 
2020-10-28T22:26:19.746+0800: 3.225: [Full GC (Ergonomics) [PSYoungGen: 29553K->24229K(56320K)] [ParOldGen: 174711K->174918K(175104K)] 204265K->199148K(231424K), [Metaspace: 3830K->3830K(1056768K)], 0.0223120 secs] [Times: user=0.09 sys=0.00, real=0.02 secs] 
2020-10-28T22:26:19.769+0800: 3.249: [Full GC (Ergonomics) [PSYoungGen: 29646K->23535K(56320K)] [ParOldGen: 174918K->175034K(175104K)] 204565K->198569K(231424K), [Metaspace: 3830K->3830K(1056768K)], 0.0233051 secs] [Times: user=0.17 sys=0.00, real=0.02 secs] 
2020-10-28T22:26:19.794+0800: 3.273: [Full GC (Ergonomics) [PSYoungGen: 29652K->23066K(56320K)] [ParOldGen: 175034K->175088K(175104K)] 204687K->198154K(231424K), [Metaspace: 3830K->3830K(1056768K)], 0.0253405 secs] [Times: user=0.22 sys=0.00, real=0.03 secs] 
2020-10-28T22:26:19.820+0800: 3.300: [Full GC (Ergonomics) [PSYoungGen: 29650K->23183K(56320K)] [ParOldGen: 175088K->175046K(175104K)] 204739K->198230K(231424K), [Metaspace: 3830K->3830K(1056768K)], 0.0203496 secs] [Times: user=0.09 sys=0.00, real=0.02 secs] 
2020-10-28T22:26:19.842+0800: 3.321: [Full GC (Ergonomics) [PSYoungGen: 29607K->23071K(56320K)] [ParOldGen: 175046K->174476K(175104K)] 204653K->197547K(231424K), [Metaspace: 3830K->3830K(1056768K)], 0.0231256 secs] [Times: user=0.19 sys=0.00, real=0.02 secs] 
2020-10-28T22:26:19.866+0800: 3.345: [Full GC (Ergonomics) [PSYoungGen: 29657K->22607K(56320K)] [ParOldGen: 174476K->174814K(175104K)] 204134K->197421K(231424K), [Metaspace: 3830K->3830K(1056768K)], 0.0218117 secs] [Times: user=0.11 sys=0.00, real=0.02 secs] 
2020-10-28T22:26:19.890+0800: 3.369: [Full GC (Ergonomics) [PSYoungGen: 29678K->22799K(56320K)] [ParOldGen: 174814K->175071K(175104K)] 204492K->197870K(231424K), [Metaspace: 3830K->3830K(1056768K)], 0.0229917 secs] [Times: user=0.22 sys=0.00, real=0.02 secs] 
2020-10-28T22:26:19.914+0800: 3.393: [Full GC (Ergonomics) [PSYoungGen: 29641K->22989K(56320K)] [ParOldGen: 175071K->175084K(175104K)] 204712K->198073K(231424K), [Metaspace: 3830K->3830K(1056768K)], 0.0223666 secs] [Times: user=0.11 sys=0.00, real=0.02 secs] 
2020-10-28T22:26:19.938+0800: 3.417: [Full GC (Ergonomics) [PSYoungGen: 29665K->23932K(56320K)] [ParOldGen: 175084K->174865K(175104K)] 204749K->198797K(231424K), [Metaspace: 3830K->3830K(1056768K)], 0.0247609 secs] [Times: user=0.17 sys=0.00, real=0.02 secs] 
2020-10-28T22:26:19.963+0800: 3.443: [Full GC (Ergonomics) [PSYoungGen: 29696K->23724K(56320K)] [ParOldGen: 174865K->174858K(175104K)] 204561K->198583K(231424K), [Metaspace: 3830K->3830K(1056768K)], 0.0243380 secs] [Times: user=0.05 sys=0.01, real=0.02 secs] 
2020-10-28T22:26:19.989+0800: 3.468: [Full GC (Ergonomics) [PSYoungGen: 29609K->24490K(56320K)] [ParOldGen: 174858K->174738K(175104K)] 204467K->199229K(231424K), [Metaspace: 3830K->3830K(1056768K)], 0.0256333 secs] [Times: user=0.03 sys=0.00, real=0.03 secs] 
2020-10-28T22:26:20.016+0800: 3.495: [Full GC (Ergonomics) [PSYoungGen: 29403K->24756K(56320K)] [ParOldGen: 174738K->174934K(175104K)] 204141K->199691K(231424K), [Metaspace: 3830K->3830K(1056768K)], 0.0236965 secs] [Times: user=0.22 sys=0.00, real=0.02 secs] 
2020-10-28T22:26:20.040+0800: 3.519: [Full GC (Ergonomics) [PSYoungGen: 29645K->25737K(56320K)] [ParOldGen: 174934K->174581K(175104K)] 204580K->200318K(231424K), [Metaspace: 3830K->3830K(1056768K)], 0.0231905 secs] [Times: user=0.11 sys=0.00, real=0.02 secs] 
2020-10-28T22:26:20.064+0800: 3.543: [Full GC (Ergonomics) [PSYoungGen: 29696K->24796K(56320K)] [ParOldGen: 174581K->174915K(175104K)] 204277K->199711K(231424K), [Metaspace: 3830K->3830K(1056768K)], 0.0206736 secs] [Times: user=0.19 sys=0.00, real=0.02 secs] 
2020-10-28T22:26:20.086+0800: 3.565: [Full GC (Ergonomics) [PSYoungGen: 29696K->24739K(56320K)] [ParOldGen: 174915K->174683K(175104K)] 204611K->199422K(231424K), [Metaspace: 3830K->3830K(1056768K)], 0.0124687 secs] [Times: user=0.11 sys=0.00, real=0.01 secs] 
2020-10-28T22:26:20.099+0800: 3.578: [Full GC (Ergonomics) [PSYoungGen: 29680K->24202K(56320K)] [ParOldGen: 174683K->175060K(175104K)] 204364K->199262K(231424K), [Metaspace: 3830K->3830K(1056768K)], 0.0249106 secs] [Times: user=0.09 sys=0.00, real=0.03 secs] 
2020-10-28T22:26:20.125+0800: 3.604: [Full GC (Ergonomics) [PSYoungGen: 29631K->25214K(56320K)] [ParOldGen: 175060K->174698K(175104K)] 204691K->199912K(231424K), [Metaspace: 3830K->3830K(1056768K)], 0.0244244 secs] [Times: user=0.19 sys=0.00, real=0.02 secs] 
2020-10-28T22:26:20.150+0800: 3.629: [Full GC (Ergonomics) [PSYoungGen: 29656K->23621K(56320K)] [ParOldGen: 174698K->175047K(175104K)] 204355K->198668K(231424K), [Metaspace: 3830K->3830K(1056768K)], 0.0268712 secs] [Times: user=0.19 sys=0.00, real=0.03 secs] 
2020-10-28T22:26:20.178+0800: 3.658: [Full GC (Ergonomics) [PSYoungGen: 29682K->23431K(56320K)] [ParOldGen: 175047K->174770K(175104K)] 204730K->198201K(231424K), [Metaspace: 3830K->3830K(1056768K)], 0.0296905 secs] [Times: user=0.08 sys=0.00, real=0.03 secs] 
2020-10-28T22:26:20.209+0800: 3.688: [Full GC (Ergonomics) [PSYoungGen: 29663K->22835K(56320K)] [ParOldGen: 174770K->174644K(175104K)] 204433K->197479K(231424K), [Metaspace: 3830K->3830K(1056768K)], 0.0229184 secs] [Times: user=0.05 sys=0.00, real=0.02 secs] 
2020-10-28T22:26:20.233+0800: 3.713: [Full GC (Ergonomics) [PSYoungGen: 29696K->23463K(56320K)] [ParOldGen: 174644K->174645K(175104K)] 204340K->198109K(231424K), [Metaspace: 3830K->3830K(1056768K)], 0.0431875 secs] [Times: user=0.17 sys=0.00, real=0.04 secs] 
2020-10-28T22:26:20.278+0800: 3.758: [Full GC (Ergonomics) [PSYoungGen: 29683K->23003K(56320K)] [ParOldGen: 174645K->174608K(175104K)] 204329K->197612K(231424K), [Metaspace: 3830K->3830K(1056768K)], 0.0263706 secs] [Times: user=0.11 sys=0.02, real=0.03 secs] 
2020-10-28T22:26:20.307+0800: 3.786: [Full GC (Ergonomics) [PSYoungGen: 29692K->23329K(56320K)] [ParOldGen: 174608K->175009K(175104K)] 204301K->198339K(231424K), [Metaspace: 3830K->3830K(1056768K)], 0.0259352 secs] [Times: user=0.14 sys=0.00, real=0.03 secs] 
2020-10-28T22:26:20.334+0800: 3.814: [Full GC (Ergonomics) [PSYoungGen: 29696K->23763K(56320K)] [ParOldGen: 175009K->174996K(175104K)] 204705K->198759K(231424K), [Metaspace: 3830K->3830K(1056768K)], 0.0250243 secs] [Times: user=0.05 sys=0.00, real=0.03 secs] 
2020-10-28T22:26:20.361+0800: 3.840: [Full GC (Ergonomics) [PSYoungGen: 29691K->23732K(56320K)] [ParOldGen: 174996K->175057K(175104K)] 204687K->198789K(231424K), [Metaspace: 3830K->3830K(1056768K)], 0.0236497 secs] [Times: user=0.08 sys=0.00, real=0.02 secs] 
2020-10-28T22:26:20.386+0800: 3.865: [Full GC (Ergonomics) [PSYoungGen: 29679K->23749K(56320K)] [ParOldGen: 175057K->174833K(175104K)] 204736K->198583K(231424K), [Metaspace: 3830K->3830K(1056768K)], 0.0239612 secs] [Times: user=0.08 sys=0.00, real=0.02 secs] 
2020-10-28T22:26:20.412+0800: 3.891: [Full GC (Ergonomics) [PSYoungGen: 29575K->23658K(56320K)] [ParOldGen: 174833K->174773K(175104K)] 204408K->198432K(231424K), [Metaspace: 3830K->3830K(1056768K)], 0.0269632 secs] [Times: user=0.06 sys=0.00, real=0.03 secs] 
2020-10-28T22:26:20.440+0800: 3.919: [Full GC (Ergonomics) [PSYoungGen: 29695K->23984K(56320K)] [ParOldGen: 174773K->174646K(175104K)] 204468K->198630K(231424K), [Metaspace: 3830K->3830K(1056768K)], 0.0220128 secs] [Times: user=0.09 sys=0.00, real=0.02 secs] 
2020-10-28T22:26:20.462+0800: 3.942: [Full GC (Ergonomics) [PSYoungGen: 29672K->24789K(56320K)] [ParOldGen: 174646K->174482K(175104K)] 204318K->199271K(231424K), [Metaspace: 3830K->3830K(1056768K)], 0.0236340 secs] [Times: user=0.01 sys=0.00, real=0.02 secs] 
2020-10-28T22:26:20.487+0800: 3.966: [Full GC (Ergonomics) [PSYoungGen: 29605K->25153K(56320K)] [ParOldGen: 174482K->174733K(175104K)] 204088K->199887K(231424K), [Metaspace: 3830K->3830K(1056768K)], 0.0236447 secs] [Times: user=0.16 sys=0.00, real=0.02 secs] 
2020-10-28T22:26:20.512+0800: 3.991: [Full GC (Ergonomics) [PSYoungGen: 29669K->25499K(56320K)] [ParOldGen: 174733K->174868K(175104K)] 204403K->200367K(231424K), [Metaspace: 3830K->3830K(1056768K)], 0.0249841 secs] [Times: user=0.13 sys=0.01, real=0.02 secs] 
2020-10-28T22:26:20.538+0800: 4.017: [Full GC (Ergonomics) [PSYoungGen: 29657K->25962K(56320K)] [ParOldGen: 174868K->174678K(175104K)] 204526K->200641K(231424K), [Metaspace: 3830K->3830K(1056768K)], 0.0252387 secs] [Times: user=0.09 sys=0.00, real=0.02 secs] 
2020-10-28T22:26:20.564+0800: 4.043: [Full GC (Ergonomics) [PSYoungGen: 29627K->25800K(56320K)] [ParOldGen: 174678K->174837K(175104K)] 204305K->200638K(231424K), [Metaspace: 3830K->3830K(1056768K)], 0.0231486 secs] [Times: user=0.17 sys=0.02, real=0.02 secs] 
2020-10-28T22:26:20.588+0800: 4.067: [Full GC (Ergonomics) [PSYoungGen: 29696K->25648K(56320K)] [ParOldGen: 174837K->174771K(175104K)] 204533K->200420K(231424K), [Metaspace: 3830K->3830K(1056768K)], 0.0211519 secs] [Times: user=0.09 sys=0.00, real=0.02 secs] 
2020-10-28T22:26:20.610+0800: 4.089: [Full GC (Ergonomics) [PSYoungGen: 29586K->25333K(56320K)] [ParOldGen: 174771K->174780K(175104K)] 204358K->200113K(231424K), [Metaspace: 3830K->3830K(1056768K)], 0.0180215 secs] [Times: user=0.09 sys=0.00, real=0.02 secs] 
2020-10-28T22:26:20.629+0800: 4.108: [Full GC (Ergonomics) [PSYoungGen: 29690K->25357K(56320K)] [ParOldGen: 174780K->174748K(175104K)] 204470K->200106K(231424K), [Metaspace: 3830K->3830K(1056768K)], 0.0217931 secs] [Times: user=0.09 sys=0.00, real=0.02 secs] 
2020-10-28T22:26:20.652+0800: 4.131: [Full GC (Ergonomics) [PSYoungGen: 29614K->25565K(56320K)] [ParOldGen: 174748K->174610K(175104K)] 204363K->200176K(231424K), [Metaspace: 3830K->3830K(1056768K)], 0.0231389 secs] [Times: user=0.09 sys=0.00, real=0.02 secs] 
2020-10-28T22:26:20.676+0800: 4.155: [Full GC (Ergonomics) [PSYoungGen: 29670K->25678K(56320K)] [ParOldGen: 174610K->174957K(175104K)] 204280K->200635K(231424K), [Metaspace: 3830K->3830K(1056768K)], 0.0235607 secs] [Times: user=0.08 sys=0.02, real=0.02 secs] 
2020-10-28T22:26:20.700+0800: 4.179: [Full GC (Ergonomics) [PSYoungGen: 29465K->25732K(56320K)] [ParOldGen: 174957K->174540K(175104K)] 204422K->200273K(231424K), [Metaspace: 3830K->3830K(1056768K)], 0.0229960 secs] [Times: user=0.11 sys=0.00, real=0.02 secs] 
2020-10-28T22:26:20.723+0800: 4.203: [Full GC (Ergonomics) [PSYoungGen: 29618K->25242K(56320K)] [ParOldGen: 174540K->175056K(175104K)] 204159K->200298K(231424K), [Metaspace: 3830K->3830K(1056768K)], 0.0203693 secs] [Times: user=0.09 sys=0.00, real=0.02 secs] 
2020-10-28T22:26:20.745+0800: 4.224: [Full GC (Ergonomics) [PSYoungGen: 29527K->25846K(56320K)] [ParOldGen: 175056K->174990K(175104K)] 204583K->200837K(231424K), [Metaspace: 3830K->3830K(1056768K)], 0.0216091 secs] [Times: user=0.09 sys=0.00, real=0.02 secs] 
2020-10-28T22:26:20.767+0800: 4.247: [Full GC (Ergonomics) [PSYoungGen: 29668K->26712K(56320K)] [ParOldGen: 174990K->174879K(175104K)] 204659K->201592K(231424K), [Metaspace: 3830K->3830K(1056768K)], 0.0248969 secs] [Times: user=0.13 sys=0.00, real=0.03 secs] 
2020-10-28T22:26:20.793+0800: 4.272: [Full GC (Ergonomics) [PSYoungGen: 29693K->26508K(56320K)] [ParOldGen: 174879K->174700K(175104K)] 204573K->201209K(231424K), [Metaspace: 3830K->3830K(1056768K)], 0.0240465 secs] [Times: user=0.17 sys=0.00, real=0.02 secs] 
2020-10-28T22:26:20.818+0800: 4.297: [Full GC (Ergonomics) [PSYoungGen: 29422K->26395K(56320K)] [ParOldGen: 174700K->174987K(175104K)] 204122K->201383K(231424K), [Metaspace: 3830K->3830K(1056768K)], 0.0107788 secs] [Times: user=0.00 sys=0.00, real=0.01 secs] 
2020-10-28T22:26:20.829+0800: 4.309: [Full GC (Ergonomics) [PSYoungGen: 29571K->26619K(56320K)] [ParOldGen: 174987K->174699K(175104K)] 204559K->201319K(231424K), [Metaspace: 3830K->3830K(1056768K)], 0.0194442 secs] [Times: user=0.17 sys=0.02, real=0.02 secs] 
2020-10-28T22:26:20.850+0800: 4.329: [Full GC (Ergonomics) [PSYoungGen: 29691K->26869K(56320K)] [ParOldGen: 174699K->174872K(175104K)] 204390K->201741K(231424K), [Metaspace: 3830K->3830K(1056768K)], 0.0206756 secs] [Times: user=0.09 sys=0.00, real=0.02 secs] 
2020-10-28T22:26:20.871+0800: 4.350: [Full GC (Ergonomics) [PSYoungGen: 29680K->26376K(56320K)] [ParOldGen: 174872K->175038K(175104K)] 204552K->201415K(231424K), [Metaspace: 3830K->3830K(1056768K)], 0.0227047 secs] [Times: user=0.09 sys=0.00, real=0.02 secs] 
2020-10-28T22:26:20.894+0800: 4.373: [Full GC (Ergonomics) [PSYoungGen: 29666K->27656K(56320K)] [ParOldGen: 175038K->174494K(175104K)] 204704K->202150K(231424K), [Metaspace: 3830K->3830K(1056768K)], 0.0233981 secs] [Times: user=0.19 sys=0.00, real=0.02 secs] 
2020-10-28T22:26:20.918+0800: 4.397: [Full GC (Ergonomics) [PSYoungGen: 29696K->26780K(56320K)] [ParOldGen: 174494K->174669K(175104K)] 204190K->201450K(231424K), [Metaspace: 3830K->3830K(1056768K)], 0.0242744 secs] [Times: user=0.19 sys=0.00, real=0.03 secs] 
2020-10-28T22:26:20.943+0800: 4.423: [Full GC (Ergonomics) [PSYoungGen: 29586K->26455K(56320K)] [ParOldGen: 174669K->174942K(175104K)] 204256K->201397K(231424K), [Metaspace: 3830K->3830K(1056768K)], 0.0218607 secs] [Times: user=0.09 sys=0.00, real=0.02 secs] 
2020-10-28T22:26:20.966+0800: 4.445: [Full GC (Ergonomics) [PSYoungGen: 29658K->25922K(56320K)] [ParOldGen: 174942K->175040K(175104K)] 204600K->200962K(231424K), [Metaspace: 3830K->3830K(1056768K)], 0.0244076 secs] [Times: user=0.17 sys=0.00, real=0.02 secs] 
2020-10-28T22:26:20.992+0800: 4.470: [Full GC (Ergonomics) [PSYoungGen: 29694K->25752K(56320K)] [ParOldGen: 175040K->175084K(175104K)] 204734K->200836K(231424K), [Metaspace: 3830K->3830K(1056768K)], 0.0211154 secs] [Times: user=0.09 sys=0.00, real=0.02 secs] 
2020-10-28T22:26:21.013+0800: 4.492: [Full GC (Ergonomics) [PSYoungGen: 29388K->26381K(56320K)] [ParOldGen: 175084K->174722K(175104K)] 204472K->201103K(231424K), [Metaspace: 3830K->3830K(1056768K)], 0.0228685 secs] [Times: user=0.22 sys=0.00, real=0.02 secs] 
2020-10-28T22:26:21.037+0800: 4.516: [Full GC (Ergonomics) [PSYoungGen: 29594K->26216K(56320K)] [ParOldGen: 174722K->174880K(175104K)] 204316K->201097K(231424K), [Metaspace: 3830K->3830K(1056768K)], 0.0192533 secs] [Times: user=0.09 sys=0.00, real=0.02 secs] 
2020-10-28T22:26:21.057+0800: 4.536: [Full GC (Ergonomics) [PSYoungGen: 29669K->25495K(56320K)] [ParOldGen: 174880K->174991K(175104K)] 204549K->200487K(231424K), [Metaspace: 3830K->3830K(1056768K)], 0.0227625 secs] [Times: user=0.11 sys=0.00, real=0.02 secs] 
2020-10-28T22:26:21.081+0800: 4.559: [Full GC (Ergonomics) [PSYoungGen: 29666K->25740K(56320K)] [ParOldGen: 174991K->174857K(175104K)] 204658K->200597K(231424K), [Metaspace: 3830K->3830K(1056768K)], 0.0243704 secs] [Times: user=0.17 sys=0.03, real=0.02 secs] 
2020-10-28T22:26:21.106+0800: 4.585: [Full GC (Ergonomics) [PSYoungGen: 29686K->25652K(56320K)] [ParOldGen: 174857K->174784K(175104K)] 204543K->200436K(231424K), [Metaspace: 3830K->3830K(1056768K)], 0.0225075 secs] [Times: user=0.11 sys=0.00, real=0.02 secs] 
2020-10-28T22:26:21.130+0800: 4.609: [Full GC (Ergonomics) [PSYoungGen: 29444K->25398K(56320K)] [ParOldGen: 174784K->174930K(175104K)] 204229K->200328K(231424K), [Metaspace: 3830K->3830K(1056768K)], 0.0192568 secs] [Times: user=0.11 sys=0.00, real=0.02 secs] 
2020-10-28T22:26:21.149+0800: 4.629: [Full GC (Ergonomics) [PSYoungGen: 29684K->25246K(56320K)] [ParOldGen: 174930K->174627K(175104K)] 204614K->199874K(231424K), [Metaspace: 3830K->3830K(1056768K)], 0.0217157 secs] [Times: user=0.13 sys=0.00, real=0.02 secs] 
2020-10-28T22:26:21.172+0800: 4.651: [Full GC (Ergonomics) [PSYoungGen: 29634K->25227K(56320K)] [ParOldGen: 174627K->174992K(175104K)] 204262K->200219K(231424K), [Metaspace: 3830K->3830K(1056768K)], 0.0209177 secs] [Times: user=0.24 sys=0.01, real=0.02 secs] 
2020-10-28T22:26:21.193+0800: 4.673: [Full GC (Ergonomics) [PSYoungGen: 29606K->25941K(56320K)] [ParOldGen: 174992K->174691K(175104K)] 204598K->200633K(231424K), [Metaspace: 3830K->3830K(1056768K)], 0.0187785 secs] [Times: user=0.13 sys=0.00, real=0.02 secs] 
2020-10-28T22:26:21.213+0800: 4.693: [Full GC (Ergonomics) [PSYoungGen: 29681K->25620K(56320K)] [ParOldGen: 174691K->174624K(175104K)] 204373K->200244K(231424K), [Metaspace: 3830K->3830K(1056768K)], 0.0211362 secs] [Times: user=0.11 sys=0.00, real=0.02 secs] 
2020-10-28T22:26:21.235+0800: 4.714: [Full GC (Ergonomics) [PSYoungGen: 29478K->25263K(56320K)] [ParOldGen: 174624K->174793K(175104K)] 204102K->200056K(231424K), [Metaspace: 3830K->3830K(1056768K)], 0.0181791 secs] [Times: user=0.13 sys=0.00, real=0.02 secs] 
2020-10-28T22:26:21.254+0800: 4.733: [Full GC (Ergonomics) [PSYoungGen: 29571K->25178K(56320K)] [ParOldGen: 174793K->174952K(175104K)] 204364K->200130K(231424K), [Metaspace: 3830K->3830K(1056768K)], 0.0212555 secs] [Times: user=0.11 sys=0.00, real=0.02 secs] 
2020-10-28T22:26:21.277+0800: 4.756: [Full GC (Ergonomics) [PSYoungGen: 29694K->25368K(56320K)] [ParOldGen: 174952K->174653K(175104K)] 204646K->200021K(231424K), [Metaspace: 3830K->3830K(1056768K)], 0.0186081 secs] [Times: user=0.09 sys=0.02, real=0.02 secs] 
2020-10-28T22:26:21.296+0800: 4.775: [Full GC (Ergonomics) [PSYoungGen: 29607K->25605K(56320K)] [ParOldGen: 174653K->174947K(175104K)] 204260K->200552K(231424K), [Metaspace: 3830K->3830K(1056768K)], 0.0206651 secs] [Times: user=0.13 sys=0.00, real=0.02 secs] 
2020-10-28T22:26:21.317+0800: 4.797: [Full GC (Ergonomics) [PSYoungGen: 29589K->26107K(56320K)] [ParOldGen: 174947K->174994K(175104K)] 204537K->201101K(231424K), [Metaspace: 3830K->3830K(1056768K)], 0.0238416 secs] [Times: user=0.11 sys=0.01, real=0.02 secs] 
2020-10-28T22:26:21.342+0800: 4.821: [Full GC (Ergonomics) [PSYoungGen: 29519K->26637K(56320K)] [ParOldGen: 174994K->174897K(175104K)] 204513K->201535K(231424K), [Metaspace: 3830K->3830K(1056768K)], 0.0051930 secs] [Times: user=0.00 sys=0.00, real=0.00 secs] 
2020-10-28T22:26:21.348+0800: 4.827: [Full GC (Ergonomics) [PSYoungGen: 29656K->26164K(56320K)] [ParOldGen: 174897K->175081K(175104K)] 204554K->201245K(231424K), [Metaspace: 3830K->3830K(1056768K)], 0.0212190 secs] [Times: user=0.11 sys=0.02, real=0.02 secs] 
2020-10-28T22:26:21.369+0800: 4.849: [Full GC (Ergonomics) [PSYoungGen: 29636K->26085K(56320K)] [ParOldGen: 175081K->175078K(175104K)] 204718K->201164K(231424K), [Metaspace: 3830K->3830K(1056768K)], 0.0161857 secs] [Times: user=0.11 sys=0.00, real=0.02 secs] 
2020-10-28T22:26:21.386+0800: 4.866: [Full GC (Ergonomics) [PSYoungGen: 29543K->26362K(56320K)] [ParOldGen: 175078K->175025K(175104K)] 204621K->201388K(231424K), [Metaspace: 3830K->3830K(1056768K)], 0.0242777 secs] [Times: user=0.25 sys=0.00, real=0.02 secs] 
2020-10-28T22:26:21.411+0800: 4.891: [Full GC (Ergonomics) [PSYoungGen: 29696K->26652K(56320K)] [ParOldGen: 175025K->174586K(175104K)] 204721K->201239K(231424K), [Metaspace: 3830K->3830K(1056768K)], 0.0200757 secs] [Times: user=0.08 sys=0.00, real=0.02 secs] 
2020-10-28T22:26:21.432+0800: 4.911: [Full GC (Ergonomics) [PSYoungGen: 29431K->26330K(56320K)] [ParOldGen: 174586K->174981K(175104K)] 204018K->201312K(231424K), [Metaspace: 3830K->3830K(1056768K)], 0.0183032 secs] [Times: user=0.13 sys=0.00, real=0.02 secs] 
2020-10-28T22:26:21.451+0800: 4.930: [Full GC (Ergonomics) [PSYoungGen: 29586K->26962K(56320K)] [ParOldGen: 174981K->174837K(175104K)] 204567K->201799K(231424K), [Metaspace: 3830K->3830K(1056768K)], 0.0152322 secs] [Times: user=0.13 sys=0.00, real=0.02 secs] 
2020-10-28T22:26:21.466+0800: 4.946: [Full GC (Ergonomics) [PSYoungGen: 29559K->26907K(56320K)] [ParOldGen: 174837K->174988K(175104K)] 204396K->201895K(231424K), [Metaspace: 3830K->3830K(1056768K)], 0.0214874 secs] [Times: user=0.02 sys=0.00, real=0.02 secs] 
2020-10-28T22:26:21.489+0800: 4.968: [Full GC (Ergonomics) [PSYoungGen: 29524K->27270K(56320K)] [ParOldGen: 174988K->174703K(175104K)] 204513K->201973K(231424K), [Metaspace: 3830K->3830K(1056768K)], 0.0200665 secs] [Times: user=0.08 sys=0.00, real=0.02 secs] 
2020-10-28T22:26:21.510+0800: 4.988: [Full GC (Ergonomics) [PSYoungGen: 29623K->25777K(56320K)] [ParOldGen: 174703K->175034K(175104K)] 204326K->200811K(231424K), [Metaspace: 3830K->3830K(1056768K)], 0.0202268 secs] [Times: user=0.13 sys=0.00, real=0.02 secs] 
2020-10-28T22:26:21.531+0800: 5.010: [Full GC (Ergonomics) [PSYoungGen: 29592K->25910K(56320K)] [ParOldGen: 175034K->174777K(175104K)] 204626K->200687K(231424K), [Metaspace: 3830K->3830K(1056768K)], 0.0239928 secs] [Times: user=0.23 sys=0.00, real=0.02 secs] 
2020-10-28T22:26:21.555+0800: 5.034: [Full GC (Ergonomics) [PSYoungGen: 29663K->25243K(56320K)] [ParOldGen: 174777K->174732K(175104K)] 204440K->199976K(231424K), [Metaspace: 3830K->3830K(1056768K)], 0.0253530 secs] [Times: user=0.11 sys=0.00, real=0.02 secs] 
2020-10-28T22:26:21.581+0800: 5.060: [Full GC (Ergonomics) [PSYoungGen: 29560K->25178K(56320K)] [ParOldGen: 174732K->174952K(175104K)] 204293K->200131K(231424K), [Metaspace: 3830K->3830K(1056768K)], 0.0165812 secs] [Times: user=0.01 sys=0.00, real=0.02 secs] 
2020-10-28T22:26:21.598+0800: 5.078: [Full GC (Ergonomics) [PSYoungGen: 29481K->24974K(56320K)] [ParOldGen: 174952K->174700K(175104K)] 204433K->199674K(231424K), [Metaspace: 3830K->3830K(1056768K)], 0.0194575 secs] [Times: user=0.11 sys=0.00, real=0.02 secs] 
2020-10-28T22:26:21.618+0800: 5.098: [Full GC (Ergonomics) [PSYoungGen: 29536K->23355K(56320K)] [ParOldGen: 174700K->174766K(175104K)] 204236K->198122K(231424K), [Metaspace: 3830K->3830K(1056768K)], 0.0193486 secs] [Times: user=0.11 sys=0.00, real=0.02 secs] 
2020-10-28T22:26:21.638+0800: 5.118: [Full GC (Ergonomics) [PSYoungGen: 29539K->23072K(56320K)] [ParOldGen: 174766K->174818K(175104K)] 204306K->197890K(231424K), [Metaspace: 3830K->3830K(1056768K)], 0.0202068 secs] [Times: user=0.09 sys=0.02, real=0.02 secs] 
2020-10-28T22:26:21.660+0800: 5.140: [Full GC (Ergonomics) [PSYoungGen: 29642K->23194K(56320K)] [ParOldGen: 174818K->174526K(175104K)] 204460K->197720K(231424K), [Metaspace: 3830K->3830K(1056768K)], 0.0213556 secs] [Times: user=0.08 sys=0.02, real=0.02 secs] 
2020-10-28T22:26:21.683+0800: 5.162: [Full GC (Ergonomics) [PSYoungGen: 29390K->22677K(56320K)] [ParOldGen: 174526K->174672K(175104K)] 203917K->197349K(231424K), [Metaspace: 3830K->3830K(1056768K)], 0.0180744 secs] [Times: user=0.13 sys=0.00, real=0.02 secs] 
2020-10-28T22:26:21.702+0800: 5.182: [Full GC (Ergonomics) [PSYoungGen: 29646K->22696K(56320K)] [ParOldGen: 174672K->174817K(175104K)] 204319K->197514K(231424K), [Metaspace: 3830K->3830K(1056768K)], 0.0205365 secs] [Times: user=0.14 sys=0.00, real=0.02 secs] 
2020-10-28T22:26:21.724+0800: 5.203: [Full GC (Ergonomics) [PSYoungGen: 29620K->22567K(56320K)] [ParOldGen: 174817K->175059K(175104K)] 204438K->197627K(231424K), [Metaspace: 3830K->3830K(1056768K)], 0.0194342 secs] [Times: user=0.13 sys=0.00, real=0.02 secs] 
2020-10-28T22:26:21.745+0800: 5.224: [Full GC (Ergonomics) [PSYoungGen: 29663K->23144K(56320K)] [ParOldGen: 175059K->174669K(175104K)] 204723K->197814K(231424K), [Metaspace: 3830K->3830K(1056768K)], 0.0260556 secs] [Times: user=0.25 sys=0.00, real=0.03 secs] 
2020-10-28T22:26:21.772+0800: 5.251: [Full GC (Ergonomics) [PSYoungGen: 29590K->21951K(56320K)] [ParOldGen: 174669K->174864K(175104K)] 204260K->196816K(231424K), [Metaspace: 3830K->3830K(1056768K)], 0.0198055 secs] [Times: user=0.11 sys=0.00, real=0.02 secs] 
2020-10-28T22:26:21.793+0800: 5.273: [Full GC (Ergonomics) [PSYoungGen: 29696K->23296K(56320K)] [ParOldGen: 174864K->174528K(175104K)] 204560K->197825K(231424K), [Metaspace: 3830K->3830K(1056768K)], 0.0202272 secs] [Times: user=0.11 sys=0.02, real=0.02 secs] 
2020-10-28T22:26:21.815+0800: 5.294: [Full GC (Ergonomics) [PSYoungGen: 29464K->22538K(56320K)] [ParOldGen: 174528K->174706K(175104K)] 203992K->197244K(231424K), [Metaspace: 3830K->3830K(1056768K)], 0.0173745 secs] [Times: user=0.13 sys=0.00, real=0.02 secs] 
2020-10-28T22:26:21.833+0800: 5.313: [Full GC (Ergonomics) [PSYoungGen: 29588K->21517K(56320K)] [ParOldGen: 174706K->175034K(175104K)] 204295K->196552K(231424K), [Metaspace: 3830K->3830K(1056768K)], 0.0197367 secs] [Times: user=0.11 sys=0.02, real=0.02 secs] 
2020-10-28T22:26:21.855+0800: 5.334: [Full GC (Ergonomics) [PSYoungGen: 29646K->21889K(56320K)] [ParOldGen: 175034K->174712K(175104K)] 204680K->196602K(231424K), [Metaspace: 3830K->3830K(1056768K)], 0.0186064 secs] [Times: user=0.13 sys=0.00, real=0.02 secs] 
2020-10-28T22:26:21.875+0800: 5.354: [Full GC (Ergonomics) [PSYoungGen: 29582K->23033K(56320K)] [ParOldGen: 174712K->174848K(175104K)] 204294K->197881K(231424K), [Metaspace: 3830K->3830K(1056768K)], 0.0209782 secs] [Times: user=0.25 sys=0.00, real=0.02 secs] 
2020-10-28T22:26:21.897+0800: 5.376: [Full GC (Ergonomics) [PSYoungGen: 29565K->21966K(56320K)] [ParOldGen: 174848K->174992K(175104K)] 204413K->196958K(231424K), [Metaspace: 3830K->3830K(1056768K)], 0.0173222 secs] [Times: user=0.13 sys=0.00, real=0.02 secs] 
2020-10-28T22:26:21.915+0800: 5.394: [Full GC (Ergonomics) [PSYoungGen: 29696K->22276K(56320K)] [ParOldGen: 174992K->175065K(175104K)] 204688K->197342K(231424K), [Metaspace: 3830K->3830K(1056768K)], 0.0203657 secs] [Times: user=0.13 sys=0.00, real=0.02 secs] 
2020-10-28T22:26:21.937+0800: 5.416: [Full GC (Ergonomics) [PSYoungGen: 29515K->23690K(56320K)] [ParOldGen: 175065K->174529K(175104K)] 204581K->198219K(231424K), [Metaspace: 3830K->3830K(1056768K)], 0.0202979 secs] [Times: user=0.11 sys=0.01, real=0.02 secs] 
2020-10-28T22:26:21.957+0800: 5.437: [Full GC (Ergonomics) [PSYoungGen: 29696K->23856K(56320K)] [ParOldGen: 174529K->174947K(175104K)] 204225K->198804K(231424K), [Metaspace: 3830K->3830K(1056768K)], 0.0200047 secs] [Times: user=0.03 sys=0.00, real=0.02 secs] 
2020-10-28T22:26:21.978+0800: 5.458: [Full GC (Ergonomics) [PSYoungGen: 29579K->24442K(56320K)] [ParOldGen: 174947K->175003K(175104K)] 204527K->199446K(231424K), [Metaspace: 3830K->3830K(1056768K)], 0.0181440 secs] [Times: user=0.13 sys=0.00, real=0.02 secs] 
2020-10-28T22:26:21.997+0800: 5.477: [Full GC (Ergonomics) [PSYoungGen: 29465K->24862K(56320K)] [ParOldGen: 175003K->174705K(175104K)] 204469K->199568K(231424K), [Metaspace: 3830K->3830K(1056768K)], 0.0214639 secs] [Times: user=0.13 sys=0.00, real=0.02 secs] 
2020-10-28T22:26:22.020+0800: 5.499: [Full GC (Ergonomics) [PSYoungGen: 29419K->26028K(56320K)] [ParOldGen: 174705K->174423K(175104K)] 204125K->200451K(231424K), [Metaspace: 3830K->3830K(1056768K)], 0.0212314 secs] [Times: user=0.13 sys=0.00, real=0.02 secs] 
2020-10-28T22:26:22.042+0800: 5.522: [Full GC (Ergonomics) [PSYoungGen: 29627K->25873K(56320K)] [ParOldGen: 174423K->174973K(175104K)] 204050K->200847K(231424K), [Metaspace: 3830K->3830K(1056768K)], 0.0240553 secs] [Times: user=0.06 sys=0.00, real=0.02 secs] 
2020-10-28T22:26:22.068+0800: 5.547: [Full GC (Ergonomics) [PSYoungGen: 29644K->26627K(56320K)] [ParOldGen: 174973K->174754K(175104K)] 204618K->201381K(231424K), [Metaspace: 3830K->3830K(1056768K)], 0.0228305 secs] [Times: user=0.08 sys=0.00, real=0.02 secs] 
2020-10-28T22:26:22.091+0800: 5.571: [Full GC (Ergonomics) [PSYoungGen: 29567K->26486K(56320K)] [ParOldGen: 174754K->174559K(175104K)] 204321K->201045K(231424K), [Metaspace: 3830K->3830K(1056768K)], 0.0221323 secs] [Times: user=0.09 sys=0.00, real=0.02 secs] 
2020-10-28T22:26:22.114+0800: 5.593: [Full GC (Ergonomics) [PSYoungGen: 29695K->26895K(56320K)] [ParOldGen: 174559K->175095K(175104K)] 204255K->201990K(231424K), [Metaspace: 3830K->3830K(1056768K)], 0.0210462 secs] [Times: user=0.13 sys=0.00, real=0.02 secs] 
2020-10-28T22:26:22.136+0800: 5.615: [Full GC (Ergonomics) [PSYoungGen: 29629K->27265K(56320K)] [ParOldGen: 175095K->174778K(175104K)] 204725K->202043K(231424K), [Metaspace: 3830K->3830K(1056768K)], 0.0206816 secs] [Times: user=0.11 sys=0.02, real=0.02 secs] 
2020-10-28T22:26:22.157+0800: 5.636: [Full GC (Ergonomics) [PSYoungGen: 29681K->26777K(56320K)] [ParOldGen: 174778K->174852K(175104K)] 204459K->201630K(231424K), [Metaspace: 3830K->3830K(1056768K)], 0.0235096 secs] [Times: user=0.25 sys=0.00, real=0.02 secs] 
2020-10-28T22:26:22.181+0800: 5.660: [Full GC (Ergonomics) [PSYoungGen: 29473K->26448K(56320K)] [ParOldGen: 174852K->174794K(175104K)] 204326K->201243K(231424K), [Metaspace: 3830K->3830K(1056768K)], 0.0189276 secs] [Times: user=0.13 sys=0.00, real=0.02 secs] 
2020-10-28T22:26:22.201+0800: 5.680: [Full GC (Ergonomics) [PSYoungGen: 29645K->26627K(56320K)] [ParOldGen: 174794K->174387K(175104K)] 204440K->201014K(231424K), [Metaspace: 3830K->3830K(1056768K)], 0.0156249 secs] [Times: user=0.13 sys=0.00, real=0.02 secs] 
2020-10-28T22:26:22.217+0800: 5.696: [Full GC (Ergonomics) [PSYoungGen: 29691K->25364K(56320K)] [ParOldGen: 174387K->174628K(175104K)] 204078K->199993K(231424K), [Metaspace: 3830K->3830K(1056768K)], 0.0170577 secs] [Times: user=0.09 sys=0.00, real=0.02 secs] 
2020-10-28T22:26:22.235+0800: 5.714: [Full GC (Ergonomics) [PSYoungGen: 29639K->25674K(56320K)] [ParOldGen: 174628K->174647K(175104K)] 204268K->200321K(231424K), [Metaspace: 3830K->3830K(1056768K)], 0.0191046 secs] [Times: user=0.13 sys=0.00, real=0.02 secs] 
2020-10-28T22:26:22.255+0800: 5.734: [Full GC (Ergonomics) [PSYoungGen: 29450K->25980K(56320K)] [ParOldGen: 174647K->174791K(175104K)] 204097K->200771K(231424K), [Metaspace: 3830K->3830K(1056768K)], 0.0216118 secs] [Times: user=0.09 sys=0.00, real=0.02 secs] 
2020-10-28T22:26:22.278+0800: 5.756: [Full GC (Ergonomics) [PSYoungGen: 29639K->25399K(56320K)] [ParOldGen: 174791K->174682K(175104K)] 204430K->200082K(231424K), [Metaspace: 3830K->3830K(1056768K)], 0.0208780 secs] [Times: user=0.09 sys=0.00, real=0.02 secs] 
2020-10-28T22:26:22.299+0800: 5.778: [Full GC (Ergonomics) [PSYoungGen: 29641K->25059K(56320K)] [ParOldGen: 174682K->175019K(175104K)] 204324K->200078K(231424K), [Metaspace: 3830K->3830K(1056768K)], 0.0233048 secs] [Times: user=0.25 sys=0.00, real=0.02 secs] 
2020-10-28T22:26:22.322+0800: 5.802: [Full GC (Ergonomics) [PSYoungGen: 29684K->25803K(56320K)] [ParOldGen: 175019K->174904K(175104K)] 204704K->200708K(231424K), [Metaspace: 3830K->3830K(1056768K)], 0.0168457 secs] [Times: user=0.13 sys=0.00, real=0.02 secs] 
2020-10-28T22:26:22.340+0800: 5.820: [Full GC (Ergonomics) [PSYoungGen: 29696K->25726K(56320K)] [ParOldGen: 174904K->174616K(175104K)] 204600K->200342K(231424K), [Metaspace: 3830K->3830K(1056768K)], 0.0210990 secs] [Times: user=0.11 sys=0.01, real=0.02 secs] 
2020-10-28T22:26:22.362+0800: 5.842: [Full GC (Ergonomics) [PSYoungGen: 29541K->24882K(56320K)] [ParOldGen: 174616K->174716K(175104K)] 204158K->199599K(231424K), [Metaspace: 3830K->3830K(1056768K)], 0.0182729 secs] [Times: user=0.23 sys=0.00, real=0.02 secs] 
2020-10-28T22:26:22.381+0800: 5.861: [Full GC (Ergonomics) [PSYoungGen: 29541K->25301K(56320K)] [ParOldGen: 174716K->174616K(175104K)] 204258K->199918K(231424K), [Metaspace: 3830K->3830K(1056768K)], 0.0224270 secs] [Times: user=0.09 sys=0.00, real=0.02 secs] 
2020-10-28T22:26:22.405+0800: 5.884: [Full GC (Ergonomics) [PSYoungGen: 29661K->25019K(56320K)] [ParOldGen: 174616K->174884K(175104K)] 204277K->199903K(231424K), [Metaspace: 3830K->3830K(1056768K)], 0.0179729 secs] [Times: user=0.11 sys=0.00, real=0.02 secs] 
2020-10-28T22:26:22.424+0800: 5.903: [Full GC (Ergonomics) [PSYoungGen: 29460K->24752K(56320K)] [ParOldGen: 174884K->175028K(175104K)] 204344K->199780K(231424K), [Metaspace: 3830K->3830K(1056768K)], 0.0224933 secs] [Times: user=0.06 sys=0.02, real=0.02 secs] 
2020-10-28T22:26:22.448+0800: 5.927: [Full GC (Ergonomics) [PSYoungGen: 29591K->25343K(56320K)] [ParOldGen: 175028K->175033K(175104K)] 204619K->200376K(231424K), [Metaspace: 3830K->3830K(1056768K)], 0.0198506 secs] [Times: user=0.13 sys=0.00, real=0.02 secs] 
2020-10-28T22:26:22.469+0800: 5.947: [Full GC (Ergonomics) [PSYoungGen: 29631K->25240K(56320K)] [ParOldGen: 175033K->174695K(175104K)] 204664K->199935K(231424K), [Metaspace: 3830K->3830K(1056768K)], 0.0212879 secs] [Times: user=0.22 sys=0.02, real=0.02 secs] 
2020-10-28T22:26:22.491+0800: 5.970: [Full GC (Ergonomics) [PSYoungGen: 29634K->24315K(56320K)] [ParOldGen: 174695K->175087K(175104K)] 204329K->199403K(231424K), [Metaspace: 3830K->3830K(1056768K)], 0.0172534 secs] [Times: user=0.11 sys=0.00, real=0.02 secs] 
2020-10-28T22:26:22.508+0800: 5.988: [Full GC (Ergonomics) [PSYoungGen: 29568K->24626K(56320K)] [ParOldGen: 175087K->174624K(175104K)] 204656K->199251K(231424K), [Metaspace: 3830K->3830K(1056768K)], 0.0206435 secs] [Times: user=0.06 sys=0.02, real=0.02 secs] 
2020-10-28T22:26:22.530+0800: 6.009: [Full GC (Ergonomics) [PSYoungGen: 29553K->25583K(56320K)] [ParOldGen: 174624K->174714K(175104K)] 204178K->200297K(231424K), [Metaspace: 3830K->3830K(1056768K)], 0.0215898 secs] [Times: user=0.25 sys=0.00, real=0.02 secs] 
2020-10-28T22:26:22.552+0800: 6.032: [Full GC (Ergonomics) [PSYoungGen: 29684K->24595K(56320K)] [ParOldGen: 174714K->174927K(175104K)] 204399K->199523K(231424K), [Metaspace: 3830K->3830K(1056768K)], 0.0199531 secs] [Times: user=0.13 sys=0.00, real=0.02 secs] 
2020-10-28T22:26:22.573+0800: 6.053: [Full GC (Ergonomics) [PSYoungGen: 29663K->24268K(56320K)] [ParOldGen: 174927K->174698K(175104K)] 204590K->198966K(231424K), [Metaspace: 3830K->3830K(1056768K)], 0.0165185 secs] [Times: user=0.13 sys=0.00, real=0.02 secs] 
2020-10-28T22:26:22.591+0800: 6.070: [Full GC (Ergonomics) [PSYoungGen: 29380K->23080K(56320K)] [ParOldGen: 174698K->175016K(175104K)] 204078K->198096K(231424K), [Metaspace: 3830K->3830K(1056768K)], 0.0182344 secs] [Times: user=0.11 sys=0.02, real=0.02 secs] 
2020-10-28T22:26:22.610+0800: 6.090: [Full GC (Ergonomics) [PSYoungGen: 29654K->23735K(56320K)] [ParOldGen: 175016K->175045K(175104K)] 204671K->198780K(231424K), [Metaspace: 3830K->3830K(1056768K)], 0.0197388 secs] [Times: user=0.23 sys=0.02, real=0.02 secs] 
2020-10-28T22:26:22.631+0800: 6.110: [Full GC (Ergonomics) [PSYoungGen: 29517K->24292K(56320K)] [ParOldGen: 175045K->174873K(175104K)] 204563K->199165K(231424K), [Metaspace: 3830K->3830K(1056768K)], 0.0209667 secs] [Times: user=0.13 sys=0.00, real=0.02 secs] 
2020-10-28T22:26:22.653+0800: 6.132: [Full GC (Ergonomics) [PSYoungGen: 29690K->23778K(56320K)] [ParOldGen: 174873K->174957K(175104K)] 204563K->198735K(231424K), [Metaspace: 3830K->3830K(1056768K)], 0.0147447 secs] [Times: user=0.13 sys=0.00, real=0.01 secs] 
2020-10-28T22:26:22.669+0800: 6.148: [Full GC (Ergonomics) [PSYoungGen: 29669K->23971K(56320K)] [ParOldGen: 174957K->174622K(175104K)] 204626K->198593K(231424K), [Metaspace: 3830K->3830K(1056768K)], 0.0219306 secs] [Times: user=0.11 sys=0.00, real=0.02 secs] 
2020-10-28T22:26:22.692+0800: 6.171: [Full GC (Ergonomics) [PSYoungGen: 29604K->22959K(56320K)] [ParOldGen: 174622K->174699K(175104K)] 204226K->197659K(231424K), [Metaspace: 3830K->3830K(1056768K)], 0.0184016 secs] [Times: user=0.11 sys=0.00, real=0.02 secs] 
2020-10-28T22:26:22.712+0800: 6.190: [Full GC (Ergonomics) [PSYoungGen: 29629K->22232K(56320K)] [ParOldGen: 174699K->174700K(175104K)] 204329K->196933K(231424K), [Metaspace: 3830K->3830K(1056768K)], 0.0203710 secs] [Times: user=0.09 sys=0.00, real=0.02 secs] 
2020-10-28T22:26:22.732+0800: 6.212: [Full GC (Ergonomics) [PSYoungGen: 29612K->22369K(56320K)] [ParOldGen: 174700K->174596K(175104K)] 204312K->196965K(231424K), [Metaspace: 3830K->3830K(1056768K)], 0.0186156 secs] [Times: user=0.11 sys=0.00, real=0.02 secs] 
2020-10-28T22:26:22.752+0800: 6.232: [Full GC (Ergonomics) [PSYoungGen: 29621K->22141K(56320K)] [ParOldGen: 174596K->175093K(175104K)] 204218K->197234K(231424K), [Metaspace: 3830K->3830K(1056768K)], 0.0206345 secs] [Times: user=0.11 sys=0.01, real=0.02 secs] 
2020-10-28T22:26:22.774+0800: 6.254: [Full GC (Ergonomics) [PSYoungGen: 29645K->22812K(56320K)] [ParOldGen: 175093K->174846K(175104K)] 204739K->197658K(231424K), [Metaspace: 3830K->3830K(1056768K)], 0.0221722 secs] [Times: user=0.09 sys=0.00, real=0.02 secs] 
2020-10-28T22:26:22.798+0800: 6.277: [Full GC (Ergonomics) [PSYoungGen: 29431K->23033K(56320K)] [ParOldGen: 174846K->174731K(175104K)] 204277K->197764K(231424K), [Metaspace: 3830K->3830K(1056768K)], 0.0204609 secs] [Times: user=0.19 sys=0.00, real=0.02 secs] 
2020-10-28T22:26:22.819+0800: 6.299: [Full GC (Ergonomics) [PSYoungGen: 29696K->22726K(56320K)] [ParOldGen: 174731K->174874K(175104K)] 204427K->197600K(231424K), [Metaspace: 3830K->3830K(1056768K)], 0.0196389 secs] [Times: user=0.13 sys=0.00, real=0.02 secs] 
2020-10-28T22:26:22.840+0800: 6.320: [Full GC (Ergonomics) [PSYoungGen: 29670K->22770K(56320K)] [ParOldGen: 174874K->174773K(175104K)] 204545K->197543K(231424K), [Metaspace: 3830K->3830K(1056768K)], 0.0173063 secs] [Times: user=0.13 sys=0.00, real=0.02 secs] 
2020-10-28T22:26:22.859+0800: 6.338: [Full GC (Ergonomics) [PSYoungGen: 29678K->22321K(56320K)] [ParOldGen: 174773K->174889K(175104K)] 204452K->197211K(231424K), [Metaspace: 3830K->3830K(1056768K)], 0.0208214 secs] [Times: user=0.25 sys=0.00, real=0.02 secs] 
2020-10-28T22:26:22.881+0800: 6.360: [Full GC (Ergonomics) [PSYoungGen: 29681K->22205K(56320K)] [ParOldGen: 174889K->174926K(175104K)] 204571K->197132K(231424K), [Metaspace: 3830K->3830K(1056768K)], 0.0161190 secs] [Times: user=0.13 sys=0.00, real=0.02 secs] 
2020-10-28T22:26:22.898+0800: 6.378: [Full GC (Ergonomics) [PSYoungGen: 29686K->23435K(56320K)] [ParOldGen: 174926K->174925K(175104K)] 204613K->198361K(231424K), [Metaspace: 3830K->3830K(1056768K)], 0.0202231 secs] [Times: user=0.13 sys=0.00, real=0.02 secs] 
2020-10-28T22:26:22.920+0800: 6.399: [Full GC (Ergonomics) [PSYoungGen: 29564K->24010K(56320K)] [ParOldGen: 174925K->175007K(175104K)] 204490K->199017K(231424K), [Metaspace: 3830K->3830K(1056768K)], 0.0176365 secs] [Times: user=0.13 sys=0.00, real=0.02 secs] 
2020-10-28T22:26:22.938+0800: 6.418: [Full GC (Ergonomics) [PSYoungGen: 29424K->23479K(56320K)] [ParOldGen: 175007K->174927K(175104K)] 204431K->198407K(231424K), [Metaspace: 3830K->3830K(1056768K)], 0.0170138 secs] [Times: user=0.13 sys=0.00, real=0.02 secs] 
2020-10-28T22:26:22.956+0800: 6.436: [Full GC (Ergonomics) [PSYoungGen: 29630K->23515K(56320K)] [ParOldGen: 174927K->174907K(175104K)] 204558K->198422K(231424K), [Metaspace: 3830K->3830K(1056768K)], 0.0190177 secs] [Times: user=0.11 sys=0.02, real=0.02 secs] 
2020-10-28T22:26:22.977+0800: 6.456: [Full GC (Ergonomics) [PSYoungGen: 29685K->23753K(56320K)] [ParOldGen: 174907K->174663K(175104K)] 204593K->198416K(231424K), [Metaspace: 3830K->3830K(1056768K)], 0.0201292 secs] [Times: user=0.13 sys=0.00, real=0.02 secs] 
2020-10-28T22:26:22.998+0800: 6.477: [Full GC (Ergonomics) [PSYoungGen: 29631K->22743K(56320K)] [ParOldGen: 174663K->174974K(175104K)] 204294K->197718K(231424K), [Metaspace: 3830K->3830K(1056768K)], 0.0190892 secs] [Times: user=0.13 sys=0.00, real=0.02 secs] 
2020-10-28T22:26:23.018+0800: 6.498: [Full GC (Ergonomics) [PSYoungGen: 29644K->22248K(56320K)] [ParOldGen: 174974K->174991K(175104K)] 204618K->197240K(231424K), [Metaspace: 3830K->3830K(1056768K)], 0.0190939 secs] [Times: user=0.14 sys=0.00, real=0.02 secs] 
2020-10-28T22:26:23.038+0800: 6.518: [Full GC (Ergonomics) [PSYoungGen: 29690K->22552K(56320K)] [ParOldGen: 174991K->174627K(175104K)] 204682K->197179K(231424K), [Metaspace: 3830K->3830K(1056768K)], 0.0214832 secs] [Times: user=0.11 sys=0.00, real=0.02 secs] 
2020-10-28T22:26:23.061+0800: 6.541: [Full GC (Ergonomics) [PSYoungGen: 29631K->22229K(56320K)] [ParOldGen: 174627K->175028K(175104K)] 204259K->197257K(231424K), [Metaspace: 3830K->3830K(1056768K)], 0.0202016 secs] [Times: user=0.13 sys=0.00, real=0.02 secs] 
2020-10-28T22:26:23.082+0800: 6.562: [Full GC (Ergonomics) [PSYoungGen: 29590K->23518K(56320K)] [ParOldGen: 175028K->174677K(175104K)] 204618K->198195K(231424K), [Metaspace: 3830K->3830K(1056768K)], 0.0204272 secs] [Times: user=0.13 sys=0.00, real=0.02 secs] 
2020-10-28T22:26:23.103+0800: 6.583: [Full GC (Ergonomics) [PSYoungGen: 29506K->24035K(56320K)] [ParOldGen: 174677K->174950K(175104K)] 204183K->198986K(231424K), [Metaspace: 3830K->3830K(1056768K)], 0.0225817 secs] [Times: user=0.13 sys=0.00, real=0.02 secs] 
2020-10-28T22:26:23.127+0800: 6.607: [Full GC (Ergonomics) [PSYoungGen: 29646K->23934K(56320K)] [ParOldGen: 174950K->174665K(175104K)] 204597K->198600K(231424K), [Metaspace: 3830K->3830K(1056768K)], 0.0208314 secs] [Times: user=0.14 sys=0.00, real=0.02 secs] 
2020-10-28T22:26:23.149+0800: 6.628: [Full GC (Ergonomics) [PSYoungGen: 29612K->24365K(56320K)] [ParOldGen: 174665K->174638K(175104K)] 204277K->199004K(231424K), [Metaspace: 3830K->3830K(1056768K)], 0.0150026 secs] [Times: user=0.13 sys=0.00, real=0.02 secs] 
2020-10-28T22:26:23.165+0800: 6.644: [Full GC (Ergonomics) [PSYoungGen: 29610K->24035K(56320K)] [ParOldGen: 174638K->174484K(175104K)] 204248K->198520K(231424K), [Metaspace: 3830K->3830K(1056768K)], 0.0201854 secs] [Times: user=0.11 sys=0.01, real=0.02 secs] 
2020-10-28T22:26:23.186+0800: 6.665: [Full GC (Ergonomics) [PSYoungGen: 29696K->24515K(56320K)] [ParOldGen: 174484K->174831K(175104K)] 204180K->199346K(231424K), [Metaspace: 3830K->3830K(1056768K)], 0.0212316 secs] [Times: user=0.14 sys=0.00, real=0.02 secs] 
2020-10-28T22:26:23.209+0800: 6.688: [Full GC (Ergonomics) [PSYoungGen: 29668K->24398K(56320K)] [ParOldGen: 174831K->174961K(175104K)] 204499K->199360K(231424K), [Metaspace: 3830K->3830K(1056768K)], 0.0185561 secs] [Times: user=0.11 sys=0.00, real=0.02 secs] 
2020-10-28T22:26:23.228+0800: 6.707: [Full GC (Ergonomics) [PSYoungGen: 29487K->24127K(56320K)] [ParOldGen: 174961K->174867K(175104K)] 204449K->198994K(231424K), [Metaspace: 3830K->3830K(1056768K)], 0.0183931 secs] [Times: user=0.11 sys=0.02, real=0.02 secs] 
2020-10-28T22:26:23.247+0800: 6.726: [Full GC (Ergonomics) [PSYoungGen: 29615K->25488K(56320K)] [ParOldGen: 174867K->174663K(175104K)] 204483K->200152K(231424K), [Metaspace: 3830K->3830K(1056768K)], 0.0200705 secs] [Times: user=0.13 sys=0.00, real=0.02 secs] 
2020-10-28T22:26:23.268+0800: 6.747: [Full GC (Ergonomics) [PSYoungGen: 29512K->24715K(56320K)] [ParOldGen: 174663K->174514K(175104K)] 204175K->199229K(231424K), [Metaspace: 3830K->3830K(1056768K)], 0.0199521 secs] [Times: user=0.13 sys=0.00, real=0.02 secs] 
2020-10-28T22:26:23.289+0800: 6.768: [Full GC (Ergonomics) [PSYoungGen: 29597K->24283K(56320K)] [ParOldGen: 174514K->174522K(175104K)] 204111K->198805K(231424K), [Metaspace: 3830K->3830K(1056768K)], 0.0177878 secs] [Times: user=0.13 sys=0.00, real=0.02 secs] 
2020-10-28T22:26:23.307+0800: 6.786: [Full GC (Ergonomics) [PSYoungGen: 29693K->24061K(56320K)] [ParOldGen: 174522K->174952K(175104K)] 204215K->199013K(231424K), [Metaspace: 3830K->3830K(1056768K)], 0.0218369 secs] [Times: user=0.13 sys=0.00, real=0.02 secs] 
2020-10-28T22:26:23.329+0800: 6.809: [Full GC (Ergonomics) [PSYoungGen: 29659K->24066K(56320K)] [ParOldGen: 174952K->174726K(175104K)] 204611K->198792K(231424K), [Metaspace: 3830K->3830K(1056768K)], 0.0176887 secs] [Times: user=0.13 sys=0.00, real=0.02 secs] 
2020-10-28T22:26:23.348+0800: 6.828: [Full GC (Ergonomics) [PSYoungGen: 29639K->24000K(56320K)] [ParOldGen: 174726K->174864K(175104K)] 204365K->198865K(231424K), [Metaspace: 3830K->3830K(1056768K)], 0.0172885 secs] [Times: user=0.09 sys=0.00, real=0.02 secs] 
2020-10-28T22:26:23.366+0800: 6.846: [Full GC (Ergonomics) [PSYoungGen: 29647K->23977K(56320K)] [ParOldGen: 174864K->174726K(175104K)] 204512K->198704K(231424K), [Metaspace: 3830K->3830K(1056768K)], 0.0190146 secs] [Times: user=0.13 sys=0.00, real=0.02 secs] 
2020-10-28T22:26:23.387+0800: 6.866: [Full GC (Ergonomics) [PSYoungGen: 29566K->23524K(56320K)] [ParOldGen: 174726K->174948K(175104K)] 204293K->198472K(231424K), [Metaspace: 3830K->3830K(1056768K)], 0.0222460 secs] [Times: user=0.13 sys=0.00, real=0.02 secs] 
2020-10-28T22:26:23.410+0800: 6.890: [Full GC (Ergonomics) [PSYoungGen: 29582K->23659K(56320K)] [ParOldGen: 174948K->174779K(175104K)] 204530K->198439K(231424K), [Metaspace: 3830K->3830K(1056768K)], 0.0214377 secs] [Times: user=0.13 sys=0.00, real=0.02 secs] 
2020-10-28T22:26:23.433+0800: 6.912: [Full GC (Ergonomics) [PSYoungGen: 29599K->23762K(56320K)] [ParOldGen: 174779K->174836K(175104K)] 204378K->198598K(231424K), [Metaspace: 3830K->3830K(1056768K)], 0.0227756 secs] [Times: user=0.13 sys=0.00, real=0.02 secs] 
2020-10-28T22:26:23.456+0800: 6.936: [Full GC (Ergonomics) [PSYoungGen: 29647K->24361K(56320K)] [ParOldGen: 174836K->174694K(175104K)] 204483K->199056K(231424K), [Metaspace: 3830K->3830K(1056768K)], 0.0193341 secs] [Times: user=0.24 sys=0.00, real=0.02 secs] 
2020-10-28T22:26:23.477+0800: 6.956: [Full GC (Ergonomics) [PSYoungGen: 29672K->25414K(56320K)] [ParOldGen: 174694K->174751K(175104K)] 204367K->200165K(231424K), [Metaspace: 3830K->3830K(1056768K)], 0.0176495 secs] [Times: user=0.11 sys=0.02, real=0.02 secs] 
2020-10-28T22:26:23.495+0800: 6.974: [Full GC (Ergonomics) [PSYoungGen: 29591K->26169K(56320K)] [ParOldGen: 174751K->174864K(175104K)] 204342K->201034K(231424K), [Metaspace: 3830K->3830K(1056768K)], 0.0183282 secs] [Times: user=0.13 sys=0.00, real=0.02 secs] 
2020-10-28T22:26:23.514+0800: 6.993: [Full GC (Ergonomics) [PSYoungGen: 29570K->26181K(56320K)] [ParOldGen: 174864K->174696K(175104K)] 204435K->200878K(231424K), [Metaspace: 3830K->3830K(1056768K)], 0.0189278 secs] [Times: user=0.13 sys=0.00, real=0.02 secs] 
2020-10-28T22:26:23.534+0800: 7.013: [Full GC (Ergonomics) [PSYoungGen: 29671K->24637K(56320K)] [ParOldGen: 174696K->174857K(175104K)] 204367K->199494K(231424K), [Metaspace: 3830K->3830K(1056768K)], 0.0157029 secs] [Times: user=0.02 sys=0.00, real=0.02 secs] 
2020-10-28T22:26:23.550+0800: 7.030: [Full GC (Ergonomics) [PSYoungGen: 29646K->25516K(56320K)] [ParOldGen: 174857K->174641K(175104K)] 204503K->200158K(231424K), [Metaspace: 3830K->3830K(1056768K)], 0.0175612 secs] [Times: user=0.17 sys=0.02, real=0.02 secs] 
2020-10-28T22:26:23.569+0800: 7.048: [Full GC (Ergonomics) [PSYoungGen: 29688K->25717K(56320K)] [ParOldGen: 174641K->174840K(175104K)] 204329K->200558K(231424K), [Metaspace: 3830K->3830K(1056768K)], 0.0210680 secs] [Times: user=0.11 sys=0.00, real=0.02 secs] 
2020-10-28T22:26:23.591+0800: 7.070: [Full GC (Ergonomics) [PSYoungGen: 29654K->25163K(56320K)] [ParOldGen: 174840K->174894K(175104K)] 204495K->200057K(231424K), [Metaspace: 3830K->3830K(1056768K)], 0.0176262 secs] [Times: user=0.13 sys=0.00, real=0.02 secs] 
2020-10-28T22:26:23.609+0800: 7.088: [Full GC (Ergonomics) [PSYoungGen: 29691K->24433K(56320K)] [ParOldGen: 174894K->174994K(175104K)] 204585K->199428K(231424K), [Metaspace: 3830K->3830K(1056768K)], 0.0210383 secs] [Times: user=0.23 sys=0.02, real=0.02 secs] 
2020-10-28T22:26:23.631+0800: 7.110: [Full GC (Ergonomics) [PSYoungGen: 29639K->24899K(56320K)] [ParOldGen: 174994K->174868K(175104K)] 204634K->199768K(231424K), [Metaspace: 3830K->3830K(1056768K)], 0.0185113 secs] [Times: user=0.13 sys=0.00, real=0.02 secs] 
2020-10-28T22:26:23.651+0800: 7.130: [Full GC (Ergonomics) [PSYoungGen: 29651K->25023K(56320K)] [ParOldGen: 174868K->174598K(175104K)] 204520K->199621K(231424K), [Metaspace: 3830K->3830K(1056768K)], 0.0195476 secs] [Times: user=0.13 sys=0.00, real=0.02 secs] 
2020-10-28T22:26:23.670+0800: 7.150: [Full GC (Ergonomics) [PSYoungGen: 29686K->24829K(56320K)] [ParOldGen: 174598K->174863K(175104K)] 204285K->199692K(231424K), [Metaspace: 3830K->3830K(1056768K)], 0.0200198 secs] [Times: user=0.13 sys=0.00, real=0.02 secs] 
2020-10-28T22:26:23.691+0800: 7.171: [Full GC (Ergonomics) [PSYoungGen: 29432K->25257K(56320K)] [ParOldGen: 174863K->174938K(175104K)] 204296K->200195K(231424K), [Metaspace: 3830K->3830K(1056768K)], 0.0192123 secs] [Times: user=0.11 sys=0.00, real=0.02 secs] 
2020-10-28T22:26:23.711+0800: 7.191: [Full GC (Ergonomics) [PSYoungGen: 29669K->25320K(56320K)] [ParOldGen: 174938K->174925K(175104K)] 204607K->200245K(231424K), [Metaspace: 3830K->3830K(1056768K)], 0.0159915 secs] [Times: user=0.08 sys=0.02, real=0.02 secs] 
2020-10-28T22:26:23.728+0800: 7.207: [Full GC (Ergonomics) [PSYoungGen: 29696K->25060K(56320K)] [ParOldGen: 174925K->174925K(175104K)] 204621K->199985K(231424K), [Metaspace: 3830K->3830K(1056768K)], 0.0201208 secs] [Times: user=0.13 sys=0.00, real=0.02 secs] 
2020-10-28T22:26:23.749+0800: 7.228: [Full GC (Ergonomics) [PSYoungGen: 29565K->25615K(56320K)] [ParOldGen: 174925K->174755K(175104K)] 204490K->200371K(231424K), [Metaspace: 3830K->3830K(1056768K)], 0.0173418 secs] [Times: user=0.13 sys=0.00, real=0.02 secs] 
2020-10-28T22:26:23.767+0800: 7.247: [Full GC (Ergonomics) [PSYoungGen: 29666K->25637K(56320K)] [ParOldGen: 174755K->174831K(175104K)] 204422K->200469K(231424K), [Metaspace: 3830K->3830K(1056768K)], 0.0222988 secs] [Times: user=0.22 sys=0.00, real=0.02 secs] 
2020-10-28T22:26:23.790+0800: 7.270: [Full GC (Ergonomics) [PSYoungGen: 29696K->25682K(56320K)] [ParOldGen: 174831K->174793K(175104K)] 204527K->200475K(231424K), [Metaspace: 3830K->3830K(1056768K)], 0.0211154 secs] [Times: user=0.13 sys=0.00, real=0.02 secs] 
2020-10-28T22:26:23.812+0800: 7.291: [Full GC (Ergonomics) [PSYoungGen: 29478K->25699K(56320K)] [ParOldGen: 174793K->174994K(175104K)] 204271K->200693K(231424K), [Metaspace: 3830K->3830K(1056768K)], 0.0231961 secs] [Times: user=0.22 sys=0.01, real=0.02 secs] 
2020-10-28T22:26:23.836+0800: 7.315: [Full GC (Ergonomics) [PSYoungGen: 29667K->26144K(56320K)] [ParOldGen: 174994K->174947K(175104K)] 204661K->201091K(231424K), [Metaspace: 3830K->3830K(1056768K)], 0.0258050 secs] [Times: user=0.06 sys=0.02, real=0.03 secs] 
2020-10-28T22:26:23.863+0800: 7.342: [Full GC (Ergonomics) [PSYoungGen: 29696K->26191K(56320K)] [ParOldGen: 174947K->174947K(175104K)] 204643K->201138K(231424K), [Metaspace: 3830K->3830K(1056768K)], 0.0214826 secs] [Times: user=0.11 sys=0.01, real=0.02 secs] 
2020-10-28T22:26:23.885+0800: 7.364: [Full GC (Ergonomics) [PSYoungGen: 29684K->26672K(56320K)] [ParOldGen: 174947K->174876K(175104K)] 204632K->201549K(231424K), [Metaspace: 3830K->3830K(1056768K)], 0.0145291 secs] [Times: user=0.11 sys=0.00, real=0.01 secs] 
2020-10-28T22:26:23.900+0800: 7.379: [Full GC (Ergonomics) [PSYoungGen: 29656K->26255K(56320K)] [ParOldGen: 174876K->174836K(175104K)] 204533K->201092K(231424K), [Metaspace: 3830K->3830K(1056768K)], 0.0184453 secs] [Times: user=0.11 sys=0.00, real=0.02 secs] 
2020-10-28T22:26:23.919+0800: 7.398: [Full GC (Ergonomics) [PSYoungGen: 29691K->25800K(56320K)] [ParOldGen: 174836K->174826K(175104K)] 204527K->200626K(231424K), [Metaspace: 3830K->3830K(1056768K)], 0.0194984 secs] [Times: user=0.11 sys=0.00, real=0.02 secs] 
2020-10-28T22:26:23.940+0800: 7.419: [Full GC (Ergonomics) [PSYoungGen: 29504K->26024K(56320K)] [ParOldGen: 174826K->174854K(175104K)] 204330K->200878K(231424K), [Metaspace: 3830K->3830K(1056768K)], 0.0229276 secs] [Times: user=0.20 sys=0.00, real=0.02 secs] 
2020-10-28T22:26:23.963+0800: 7.442: [Full GC (Ergonomics) [PSYoungGen: 29509K->25797K(56320K)] [ParOldGen: 174854K->175084K(175104K)] 204363K->200882K(231424K), [Metaspace: 3830K->3830K(1056768K)], 0.0220189 secs] [Times: user=0.11 sys=0.00, real=0.02 secs] 
2020-10-28T22:26:23.986+0800: 7.465: [Full GC (Ergonomics) [PSYoungGen: 29696K->26018K(56320K)] [ParOldGen: 175084K->174744K(175104K)] 204780K->200762K(231424K), [Metaspace: 3830K->3830K(1056768K)], 0.0237807 secs] [Times: user=0.23 sys=0.02, real=0.02 secs] 
2020-10-28T22:26:24.010+0800: 7.489: [Full GC (Ergonomics) [PSYoungGen: 29405K->26917K(56320K)] [ParOldGen: 174744K->174740K(175104K)] 204150K->201657K(231424K), [Metaspace: 3830K->3830K(1056768K)], 0.0233397 secs] [Times: user=0.13 sys=0.00, real=0.02 secs] 
2020-10-28T22:26:24.034+0800: 7.513: [Full GC (Ergonomics) [PSYoungGen: 29674K->27046K(56320K)] [ParOldGen: 174740K->174822K(175104K)] 204415K->201868K(231424K), [Metaspace: 3830K->3830K(1056768K)], 0.0190393 secs] [Times: user=0.13 sys=0.02, real=0.02 secs] 
2020-10-28T22:26:24.053+0800: 7.533: [Full GC (Ergonomics) [PSYoungGen: 29650K->27481K(56320K)] [ParOldGen: 174822K->175017K(175104K)] 204472K->202499K(231424K), [Metaspace: 3830K->3830K(1056768K)], 0.0215731 secs] [Times: user=0.08 sys=0.00, real=0.02 secs] 
2020-10-28T22:26:24.075+0800: 7.555: [Full GC (Ergonomics) [PSYoungGen: 29663K->27130K(56320K)] [ParOldGen: 175017K->175103K(175104K)] 204681K->202234K(231424K), [Metaspace: 3830K->3830K(1056768K)], 0.0147863 secs] [Times: user=0.11 sys=0.02, real=0.01 secs] 
2020-10-28T22:26:24.090+0800: 7.570: [Full GC (Ergonomics) [PSYoungGen: 29492K->27788K(56320K)] [ParOldGen: 175103K->174632K(175104K)] 204596K->202420K(231424K), [Metaspace: 3830K->3830K(1056768K)], 0.0181133 secs] [Times: user=0.09 sys=0.02, real=0.02 secs] 
2020-10-28T22:26:24.109+0800: 7.588: [Full GC (Ergonomics) [PSYoungGen: 29691K->27793K(56320K)] [ParOldGen: 174632K->174638K(175104K)] 204323K->202432K(231424K), [Metaspace: 3830K->3830K(1056768K)], 0.0129000 secs] [Times: user=0.13 sys=0.00, real=0.01 secs] 
2020-10-28T22:26:24.123+0800: 7.602: [Full GC (Ergonomics) [PSYoungGen: 29679K->27713K(56320K)] [ParOldGen: 174638K->174770K(175104K)] 204317K->202483K(231424K), [Metaspace: 3830K->3830K(1056768K)], 0.0245552 secs] [Times: user=0.22 sys=0.03, real=0.02 secs] 
2020-10-28T22:26:24.148+0800: 7.627: [Full GC (Ergonomics) [PSYoungGen: 29679K->27669K(56320K)] [ParOldGen: 174770K->174806K(175104K)] 204450K->202475K(231424K), [Metaspace: 3830K->3830K(1056768K)], 0.0181641 secs] [Times: user=0.03 sys=0.00, real=0.02 secs] 
2020-10-28T22:26:24.166+0800: 7.645: [Full GC (Ergonomics) [PSYoungGen: 29643K->27882K(56320K)] [ParOldGen: 174806K->174616K(175104K)] 204449K->202498K(231424K), [Metaspace: 3830K->3830K(1056768K)], 0.0163144 secs] [Times: user=0.13 sys=0.00, real=0.02 secs] 
2020-10-28T22:26:24.183+0800: 7.662: [Full GC (Ergonomics) [PSYoungGen: 29525K->27809K(56320K)] [ParOldGen: 174616K->174725K(175104K)] 204141K->202535K(231424K), [Metaspace: 3830K->3830K(1056768K)], 0.0228122 secs] [Times: user=0.11 sys=0.02, real=0.02 secs] 
2020-10-28T22:26:24.206+0800: 7.685: [Full GC (Ergonomics) [PSYoungGen: 29640K->27455K(56320K)] [ParOldGen: 174725K->175056K(175104K)] 204366K->202511K(231424K), [Metaspace: 3830K->3830K(1056768K)], 0.0192068 secs] [Times: user=0.13 sys=0.00, real=0.02 secs] 
2020-10-28T22:26:24.226+0800: 7.705: [Full GC (Ergonomics) [PSYoungGen: 29641K->27352K(56320K)] [ParOldGen: 175056K->174873K(175104K)] 204698K->202225K(231424K), [Metaspace: 3830K->3830K(1056768K)], 0.0222870 secs] [Times: user=0.08 sys=0.00, real=0.02 secs] 
2020-10-28T22:26:24.248+0800: 7.728: [Full GC (Ergonomics) [PSYoungGen: 29676K->27286K(56320K)] [ParOldGen: 174873K->175067K(175104K)] 204549K->202353K(231424K), [Metaspace: 3830K->3830K(1056768K)], 0.0244371 secs] [Times: user=0.25 sys=0.00, real=0.03 secs] 
2020-10-28T22:26:24.273+0800: 7.753: [Full GC (Ergonomics) [PSYoungGen: 29637K->27619K(56320K)] [ParOldGen: 175067K->174501K(175104K)] 204705K->202121K(231424K), [Metaspace: 3830K->3830K(1056768K)], 0.0210324 secs] [Times: user=0.09 sys=0.00, real=0.02 secs] 
2020-10-28T22:26:24.295+0800: 7.774: [Full GC (Ergonomics) [PSYoungGen: 29503K->27357K(56320K)] [ParOldGen: 174501K->174749K(175104K)] 204005K->202107K(231424K), [Metaspace: 3830K->3830K(1056768K)], 0.0184480 secs] [Times: user=0.13 sys=0.00, real=0.02 secs] 
2020-10-28T22:26:24.314+0800: 7.793: [Full GC (Ergonomics) [PSYoungGen: 29668K->27273K(56320K)] [ParOldGen: 174749K->174994K(175104K)] 204417K->202268K(231424K), [Metaspace: 3830K->3830K(1056768K)], 0.0208426 secs] [Times: user=0.09 sys=0.01, real=0.02 secs] 
2020-10-28T22:26:24.335+0800: 7.815: [Full GC (Ergonomics) [PSYoungGen: 29695K->28050K(56320K)] [ParOldGen: 174994K->174449K(175104K)] 204689K->202500K(231424K), [Metaspace: 3830K->3830K(1056768K)], 0.0212612 secs] [Times: user=0.13 sys=0.00, real=0.02 secs] 
2020-10-28T22:26:24.357+0800: 7.836: [Full GC (Ergonomics) [PSYoungGen: 29612K->27394K(56320K)] [ParOldGen: 174449K->175090K(175104K)] 204062K->202484K(231424K), [Metaspace: 3830K->3830K(1056768K)], 0.0136381 secs] [Times: user=0.05 sys=0.00, real=0.01 secs] 
2020-10-28T22:26:24.371+0800: 7.850: [Full GC (Ergonomics) [PSYoungGen: 29655K->27852K(56320K)] [ParOldGen: 175090K->174812K(175104K)] 204746K->202665K(231424K), [Metaspace: 3830K->3830K(1056768K)], 0.0187108 secs] [Times: user=0.13 sys=0.00, real=0.02 secs] 
2020-10-28T22:26:24.390+0800: 7.870: [Full GC (Ergonomics) [PSYoungGen: 29675K->27624K(56320K)] [ParOldGen: 174812K->174973K(175104K)] 204488K->202597K(231424K), [Metaspace: 3830K->3830K(1056768K)], 0.0212417 secs] [Times: user=0.25 sys=0.00, real=0.02 secs] 
2020-10-28T22:26:24.412+0800: 7.891: [Full GC (Ergonomics) [PSYoungGen: 29616K->28340K(56320K)] [ParOldGen: 174973K->174390K(175104K)] 204590K->202730K(231424K), [Metaspace: 3830K->3830K(1056768K)], 0.0204151 secs] [Times: user=0.02 sys=0.00, real=0.02 secs] 
2020-10-28T22:26:24.433+0800: 7.912: [Full GC (Ergonomics) [PSYoungGen: 29596K->27417K(56320K)] [ParOldGen: 174390K->174968K(175104K)] 203986K->202385K(231424K), [Metaspace: 3830K->3830K(1056768K)], 0.0216938 secs] [Times: user=0.11 sys=0.00, real=0.02 secs] 
2020-10-28T22:26:24.455+0800: 7.934: [Full GC (Ergonomics) [PSYoungGen: 29639K->28172K(56320K)] [ParOldGen: 174968K->174471K(175104K)] 204607K->202644K(231424K), [Metaspace: 3830K->3830K(1056768K)], 0.0210778 secs] [Times: user=0.11 sys=0.00, real=0.02 secs] 
2020-10-28T22:26:24.477+0800: 7.956: [Full GC (Ergonomics) [PSYoungGen: 29514K->27954K(56320K)] [ParOldGen: 174471K->175056K(175104K)] 203986K->203010K(231424K), [Metaspace: 3830K->3830K(1056768K)], 0.0220234 secs] [Times: user=0.11 sys=0.00, real=0.02 secs] 
2020-10-28T22:26:24.499+0800: 7.978: [Full GC (Ergonomics) [PSYoungGen: 29672K->27719K(56320K)] [ParOldGen: 175056K->175055K(175104K)] 204728K->202775K(231424K), [Metaspace: 3830K->3830K(1056768K)], 0.0246609 secs] [Times: user=0.20 sys=0.02, real=0.02 secs] 
2020-10-28T22:26:24.524+0800: 8.004: [Full GC (Ergonomics) [PSYoungGen: 29424K->28220K(56320K)] [ParOldGen: 175055K->174959K(175104K)] 204480K->203179K(231424K), [Metaspace: 3830K->3830K(1056768K)], 0.0029386 secs] [Times: user=0.00 sys=0.00, real=0.00 secs] 
2020-10-28T22:26:24.528+0800: 8.007: [Full GC (Ergonomics) [PSYoungGen: 29563K->28539K(56320K)] [ParOldGen: 174959K->174814K(175104K)] 204522K->203354K(231424K), [Metaspace: 3830K->3830K(1056768K)], 0.0143628 secs] [Times: user=0.13 sys=0.00, real=0.01 secs] 
2020-10-28T22:26:24.542+0800: 8.021: [Full GC (Ergonomics) [PSYoungGen: 29665K->28403K(56320K)] [ParOldGen: 174814K->174776K(175104K)] 204480K->203180K(231424K), [Metaspace: 3830K->3830K(1056768K)], 0.0112616 secs] [Times: user=0.13 sys=0.00, real=0.01 secs] 
2020-10-28T22:26:24.554+0800: 8.033: [Full GC (Ergonomics) [PSYoungGen: 29638K->28655K(56320K)] [ParOldGen: 174776K->174728K(175104K)] 204414K->203383K(231424K), [Metaspace: 3830K->3830K(1056768K)], 0.0171679 secs] [Times: user=0.02 sys=0.00, real=0.02 secs] 
2020-10-28T22:26:24.572+0800: 8.050: [Full GC (Ergonomics) [PSYoungGen: 29425K->28686K(56320K)] [ParOldGen: 174728K->174681K(175104K)] 204153K->203367K(231424K), [Metaspace: 3830K->3830K(1056768K)], 0.0061387 secs] [Times: user=0.00 sys=0.00, real=0.01 secs] 
2020-10-28T22:26:24.578+0800: 8.057: [Full GC (Ergonomics) [PSYoungGen: 29620K->29047K(56320K)] [ParOldGen: 174681K->174543K(175104K)] 204302K->203591K(231424K), [Metaspace: 3830K->3830K(1056768K)], 0.0161397 secs] [Times: user=0.11 sys=0.00, real=0.02 secs] 
2020-10-28T22:26:24.594+0800: 8.073: [Full GC (Ergonomics) [PSYoungGen: 29662K->28673K(56320K)] [ParOldGen: 174543K->174808K(175104K)] 204206K->203482K(231424K), [Metaspace: 3830K->3830K(1056768K)], 0.0146359 secs] [Times: user=0.11 sys=0.00, real=0.01 secs] 
2020-10-28T22:26:24.609+0800: 8.088: [Full GC (Ergonomics) [PSYoungGen: 29675K->28265K(56320K)] [ParOldGen: 174808K->175028K(175104K)] 204484K->203293K(231424K), [Metaspace: 3830K->3830K(1056768K)], 0.0184360 secs] [Times: user=0.11 sys=0.02, real=0.02 secs] 
2020-10-28T22:26:24.628+0800: 8.107: [Full GC (Ergonomics) [PSYoungGen: 29694K->28056K(56320K)] [ParOldGen: 175028K->174969K(175104K)] 204723K->203026K(231424K), [Metaspace: 3830K->3830K(1056768K)], 0.0209658 secs] [Times: user=0.25 sys=0.00, real=0.02 secs] 
2020-10-28T22:26:24.649+0800: 8.128: [Full GC (Ergonomics) [PSYoungGen: 29687K->28500K(56320K)] [ParOldGen: 174969K->174797K(175104K)] 204657K->203298K(231424K), [Metaspace: 3830K->3830K(1056768K)], 0.0154534 secs] [Times: user=0.13 sys=0.00, real=0.02 secs] 
2020-10-28T22:26:24.665+0800: 8.144: [Full GC (Ergonomics) [PSYoungGen: 29668K->28545K(56320K)] [ParOldGen: 174797K->174651K(175104K)] 204466K->203196K(231424K), [Metaspace: 3830K->3830K(1056768K)], 0.0161646 secs] [Times: user=0.13 sys=0.00, real=0.02 secs] 
2020-10-28T22:26:24.682+0800: 8.161: [Full GC (Ergonomics) [PSYoungGen: 29695K->28119K(56320K)] [ParOldGen: 174651K->175028K(175104K)] 204346K->203147K(231424K), [Metaspace: 3830K->3830K(1056768K)], 0.0201874 secs] [Times: user=0.13 sys=0.00, real=0.02 secs] 
2020-10-28T22:26:24.702+0800: 8.181: [Full GC (Ergonomics) [PSYoungGen: 29679K->27892K(56320K)] [ParOldGen: 175028K->175073K(175104K)] 204707K->202965K(231424K), [Metaspace: 3830K->3830K(1056768K)], 0.0202369 secs] [Times: user=0.14 sys=0.00, real=0.02 secs] 
2020-10-28T22:26:24.723+0800: 8.202: [Full GC (Ergonomics) [PSYoungGen: 29589K->28148K(56320K)] [ParOldGen: 175073K->174583K(175104K)] 204662K->202732K(231424K), [Metaspace: 3830K->3830K(1056768K)], 0.0208047 secs] [Times: user=0.13 sys=0.00, real=0.02 secs] 
2020-10-28T22:26:24.744+0800: 8.223: [Full GC (Ergonomics) [PSYoungGen: 29658K->28148K(56320K)] [ParOldGen: 174583K->174583K(175104K)] 204242K->202732K(231424K), [Metaspace: 3830K->3830K(1056768K)], 0.0028116 secs] [Times: user=0.00 sys=0.00, real=0.00 secs] 
2020-10-28T22:26:24.748+0800: 8.227: [Full GC (Ergonomics) [PSYoungGen: 29688K->28036K(56320K)] [ParOldGen: 174583K->174837K(175104K)] 204272K->202873K(231424K), [Metaspace: 3830K->3830K(1056768K)], 0.0194988 secs] [Times: user=0.13 sys=0.00, real=0.02 secs] 
2020-10-28T22:26:24.768+0800: 8.246: [Full GC (Ergonomics) [PSYoungGen: 29412K->27510K(56320K)] [ParOldGen: 174837K->174919K(175104K)] 204249K->202429K(231424K), [Metaspace: 3830K->3830K(1056768K)], 0.0252039 secs] [Times: user=0.11 sys=0.02, real=0.03 secs] 
2020-10-28T22:26:24.793+0800: 8.272: [Full GC (Ergonomics) [PSYoungGen: 29594K->28149K(56320K)] [ParOldGen: 174919K->174456K(175104K)] 204514K->202606K(231424K), [Metaspace: 3830K->3830K(1056768K)], 0.0211024 secs] [Times: user=0.13 sys=0.00, real=0.02 secs] 
2020-10-28T22:26:24.814+0800: 8.294: [Full GC (Ergonomics) [PSYoungGen: 29427K->27751K(56320K)] [ParOldGen: 174456K->174911K(175104K)] 203884K->202663K(231424K), [Metaspace: 3830K->3830K(1056768K)], 0.0208978 secs] [Times: user=0.14 sys=0.00, real=0.02 secs] 
2020-10-28T22:26:24.835+0800: 8.315: [Full GC (Ergonomics) [PSYoungGen: 29639K->28201K(56320K)] [ParOldGen: 174911K->174521K(175104K)] 204551K->202722K(231424K), [Metaspace: 3830K->3830K(1056768K)], 0.0185562 secs] [Times: user=0.06 sys=0.00, real=0.02 secs] 
2020-10-28T22:26:24.854+0800: 8.334: [Full GC (Ergonomics) [PSYoungGen: 29592K->27748K(56320K)] [ParOldGen: 174521K->174780K(175104K)] 204114K->202529K(231424K), [Metaspace: 3830K->3830K(1056768K)], 0.0231946 secs] [Times: user=0.13 sys=0.00, real=0.02 secs] 
2020-10-28T22:26:24.878+0800: 8.358: [Full GC (Ergonomics) [PSYoungGen: 29636K->28147K(56320K)] [ParOldGen: 174780K->174559K(175104K)] 204417K->202707K(231424K), [Metaspace: 3830K->3830K(1056768K)], 0.0182161 secs] [Times: user=0.25 sys=0.00, real=0.02 secs] 
2020-10-28T22:26:24.897+0800: 8.376: [Full GC (Ergonomics) [PSYoungGen: 29599K->28297K(56320K)] [ParOldGen: 174559K->174471K(175104K)] 204158K->202768K(231424K), [Metaspace: 3830K->3830K(1056768K)], 0.0142538 secs] [Times: user=0.00 sys=0.02, real=0.01 secs] 
2020-10-28T22:26:24.911+0800: 8.391: [Full GC (Ergonomics) [PSYoungGen: 29481K->27995K(56320K)] [ParOldGen: 174471K->174969K(175104K)] 203952K->202964K(231424K), [Metaspace: 3830K->3830K(1056768K)], 0.0220542 secs] [Times: user=0.13 sys=0.00, real=0.02 secs] 
2020-10-28T22:26:24.934+0800: 8.414: [Full GC (Ergonomics) [PSYoungGen: 29521K->28166K(56320K)] [ParOldGen: 174969K->174782K(175104K)] 204491K->202948K(231424K), [Metaspace: 3830K->3830K(1056768K)], 0.0213368 secs] [Times: user=0.13 sys=0.00, real=0.02 secs] 
2020-10-28T22:26:24.956+0800: 8.435: [Full GC (Ergonomics) [PSYoungGen: 29665K->28036K(56320K)] [ParOldGen: 174782K->174849K(175104K)] 204447K->202886K(231424K), [Metaspace: 3830K->3830K(1056768K)], 0.0201791 secs] [Times: user=0.22 sys=0.00, real=0.02 secs] 
2020-10-28T22:26:24.977+0800: 8.456: [Full GC (Ergonomics) [PSYoungGen: 29663K->28250K(56320K)] [ParOldGen: 174849K->174635K(175104K)] 204512K->202885K(231424K), [Metaspace: 3830K->3830K(1056768K)], 0.0194300 secs] [Times: user=0.11 sys=0.00, real=0.02 secs] 
2020-10-28T22:26:24.996+0800: 8.476: [Full GC (Ergonomics) [PSYoungGen: 29593K->28159K(56320K)] [ParOldGen: 174635K->174912K(175104K)] 204229K->203072K(231424K), [Metaspace: 3830K->3830K(1056768K)], 0.0198043 secs] [Times: user=0.11 sys=0.00, real=0.02 secs] 
2020-10-28T22:26:25.017+0800: 8.496: [Full GC (Ergonomics) [PSYoungGen: 29630K->28112K(56320K)] [ParOldGen: 174912K->175083K(175104K)] 204543K->203195K(231424K), [Metaspace: 3830K->3830K(1056768K)], 0.0214562 secs] [Times: user=0.22 sys=0.00, real=0.02 secs] 
2020-10-28T22:26:25.039+0800: 8.518: [Full GC (Ergonomics) [PSYoungGen: 29668K->28625K(56320K)] [ParOldGen: 175083K->174861K(175104K)] 204751K->203487K(231424K), [Metaspace: 3830K->3830K(1056768K)], 0.0220311 secs] [Times: user=0.11 sys=0.00, real=0.02 secs] 
2020-10-28T22:26:25.061+0800: 8.540: [Full GC (Ergonomics) [PSYoungGen: 29661K->28753K(56320K)] [ParOldGen: 174861K->174977K(175104K)] 204522K->203731K(231424K), [Metaspace: 3830K->3830K(1056768K)], 0.0235287 secs] [Times: user=0.16 sys=0.02, real=0.02 secs] 
2020-10-28T22:26:25.085+0800: 8.564: [Full GC (Ergonomics) [PSYoungGen: 29666K->29035K(56320K)] [ParOldGen: 174977K->174645K(175104K)] 204643K->203680K(231424K), [Metaspace: 3830K->3830K(1056768K)], 0.0178539 secs] [Times: user=0.05 sys=0.00, real=0.02 secs] 
2020-10-28T22:26:25.103+0800: 8.582: [Full GC (Ergonomics) [PSYoungGen: 29687K->29160K(56320K)] [ParOldGen: 174645K->174524K(175104K)] 204333K->203685K(231424K), [Metaspace: 3830K->3830K(1056768K)], 0.0108384 secs] [Times: user=0.13 sys=0.00, real=0.01 secs] 
2020-10-28T22:26:25.114+0800: 8.593: [Full GC (Ergonomics) [PSYoungGen: 29389K->29243K(56320K)] [ParOldGen: 174524K->174411K(175104K)] 203914K->203654K(231424K), [Metaspace: 3830K->3830K(1056768K)], 0.0159324 secs] [Times: user=0.09 sys=0.03, real=0.02 secs] 
2020-10-28T22:26:25.131+0800: 8.609: [Full GC (Ergonomics) [PSYoungGen: 29669K->28912K(56320K)] [ParOldGen: 174411K->174872K(175104K)] 204081K->203785K(231424K), [Metaspace: 3830K->3830K(1056768K)], 0.0221763 secs] [Times: user=0.05 sys=0.00, real=0.02 secs] 
2020-10-28T22:26:25.153+0800: 8.632: [Full GC (Ergonomics) [PSYoungGen: 29610K->28876K(56320K)] [ParOldGen: 174872K->174872K(175104K)] 204483K->203749K(231424K), [Metaspace: 3830K->3830K(1056768K)], 0.0028735 secs] [Times: user=0.00 sys=0.00, real=0.00 secs] 
2020-10-28T22:26:25.156+0800: 8.635: [Full GC (Ergonomics) [PSYoungGen: 29608K->28436K(56320K)] [ParOldGen: 174872K->175083K(175104K)] 204481K->203520K(231424K), [Metaspace: 3830K->3830K(1056768K)], 0.0183880 secs] [Times: user=0.13 sys=0.00, real=0.02 secs] 
2020-10-28T22:26:25.174+0800: 8.654: [Full GC (Ergonomics) [PSYoungGen: 29598K->28718K(56320K)] [ParOldGen: 175083K->174665K(175104K)] 204681K->203383K(231424K), [Metaspace: 3830K->3830K(1056768K)], 0.0201795 secs] [Times: user=0.13 sys=0.00, real=0.02 secs] 
2020-10-28T22:26:25.194+0800: 8.674: [Full GC (Ergonomics) [PSYoungGen: 29653K->28263K(56320K)] [ParOldGen: 174665K->174973K(175104K)] 204319K->203237K(231424K), [Metaspace: 3830K->3830K(1056768K)], 0.0234514 secs] [Times: user=0.13 sys=0.00, real=0.02 secs] 
2020-10-28T22:26:25.218+0800: 8.698: [Full GC (Ergonomics) [PSYoungGen: 29679K->27811K(56320K)] [ParOldGen: 174973K->175003K(175104K)] 204652K->202814K(231424K), [Metaspace: 3830K->3830K(1056768K)], 0.0188519 secs] [Times: user=0.11 sys=0.01, real=0.02 secs] 
2020-10-28T22:26:25.238+0800: 8.717: [Full GC (Ergonomics) [PSYoungGen: 29664K->28360K(56320K)] [ParOldGen: 175003K->174607K(175104K)] 204667K->202967K(231424K), [Metaspace: 3830K->3830K(1056768K)], 0.0221949 secs] [Times: user=0.13 sys=0.00, real=0.02 secs] 
2020-10-28T22:26:25.260+0800: 8.740: [Full GC (Ergonomics) [PSYoungGen: 29693K->27297K(56320K)] [ParOldGen: 174607K->175095K(175104K)] 204300K->202393K(231424K), [Metaspace: 3830K->3830K(1056768K)], 0.0202787 secs] [Times: user=0.13 sys=0.00, real=0.02 secs] 
2020-10-28T22:26:25.281+0800: 8.761: [Full GC (Ergonomics) [PSYoungGen: 29693K->27602K(56320K)] [ParOldGen: 175095K->175094K(175104K)] 204789K->202697K(231424K), [Metaspace: 3830K->3830K(1056768K)], 0.0175706 secs] [Times: user=0.11 sys=0.00, real=0.02 secs] 
2020-10-28T22:26:25.299+0800: 8.779: [Full GC (Ergonomics) [PSYoungGen: 29684K->27763K(56320K)] [ParOldGen: 175094K->175013K(175104K)] 204779K->202777K(231424K), [Metaspace: 3830K->3830K(1056768K)], 0.0205779 secs] [Times: user=0.13 sys=0.00, real=0.02 secs] 
2020-10-28T22:26:25.320+0800: 8.800: [Full GC (Ergonomics) [PSYoungGen: 29559K->27681K(56320K)] [ParOldGen: 175013K->174980K(175104K)] 204573K->202661K(231424K), [Metaspace: 3830K->3830K(1056768K)], 0.0198581 secs] [Times: user=0.13 sys=0.00, real=0.02 secs] 
2020-10-28T22:26:25.341+0800: 8.820: [Full GC (Ergonomics) [PSYoungGen: 29670K->28039K(56320K)] [ParOldGen: 174980K->174794K(175104K)] 204651K->202833K(231424K), [Metaspace: 3830K->3830K(1056768K)], 0.0151244 secs] [Times: user=0.13 sys=0.00, real=0.01 secs] 
2020-10-28T22:26:25.356+0800: 8.835: [Full GC (Ergonomics) [PSYoungGen: 29593K->28416K(56320K)] [ParOldGen: 174794K->174571K(175104K)] 204388K->202988K(231424K), [Metaspace: 3830K->3830K(1056768K)], 0.0207556 secs] [Times: user=0.13 sys=0.00, real=0.02 secs] 
2020-10-28T22:26:25.377+0800: 8.857: [Full GC (Ergonomics) [PSYoungGen: 29684K->28033K(56320K)] [ParOldGen: 174571K->174942K(175104K)] 204256K->202975K(231424K), [Metaspace: 3830K->3830K(1056768K)], 0.0192987 secs] [Times: user=0.13 sys=0.00, real=0.02 secs] 
2020-10-28T22:26:25.397+0800: 8.876: [Full GC (Ergonomics) [PSYoungGen: 29603K->28143K(56320K)] [ParOldGen: 174942K->174713K(175104K)] 204545K->202857K(231424K), [Metaspace: 3830K->3830K(1056768K)], 0.0182155 secs] [Times: user=0.01 sys=0.00, real=0.02 secs] 
2020-10-28T22:26:25.416+0800: 8.895: [Full GC (Ergonomics) [PSYoungGen: 29615K->27497K(56320K)] [ParOldGen: 174713K->174784K(175104K)] 204329K->202282K(231424K), [Metaspace: 3830K->3830K(1056768K)], 0.0166878 secs] [Times: user=0.13 sys=0.00, real=0.02 secs] 
2020-10-28T22:26:25.433+0800: 8.912: [Full GC (Ergonomics) [PSYoungGen: 29663K->27272K(56320K)] [ParOldGen: 174784K->175036K(175104K)] 204448K->202309K(231424K), [Metaspace: 3830K->3830K(1056768K)], 0.0205073 secs] [Times: user=0.13 sys=0.00, real=0.02 secs] 
2020-10-28T22:26:25.454+0800: 8.933: [Full GC (Ergonomics) [PSYoungGen: 29536K->27002K(56320K)] [ParOldGen: 175036K->174863K(175104K)] 204572K->201865K(231424K), [Metaspace: 3830K->3830K(1056768K)], 0.0213328 secs] [Times: user=0.20 sys=0.02, real=0.02 secs] 
2020-10-28T22:26:25.476+0800: 8.955: [Full GC (Ergonomics) [PSYoungGen: 29459K->27381K(56320K)] [ParOldGen: 174863K->174584K(175104K)] 204322K->201966K(231424K), [Metaspace: 3830K->3830K(1056768K)], 0.0149315 secs] [Times: user=0.03 sys=0.00, real=0.01 secs] 
2020-10-28T22:26:25.491+0800: 8.970: [Full GC (Ergonomics) [PSYoungGen: 29395K->27113K(56320K)] [ParOldGen: 174584K->174960K(175104K)] 203979K->202073K(231424K), [Metaspace: 3830K->3830K(1056768K)], 0.0153705 secs] [Times: user=0.05 sys=0.02, real=0.02 secs] 
2020-10-28T22:26:25.507+0800: 8.986: [Full GC (Ergonomics) [PSYoungGen: 29570K->27427K(56320K)] [ParOldGen: 174960K->174714K(175104K)] 204531K->202142K(231424K), [Metaspace: 3830K->3830K(1056768K)], 0.0217915 secs] [Times: user=0.08 sys=0.03, real=0.02 secs] 
2020-10-28T22:26:25.530+0800: 9.009: [Full GC (Ergonomics) [PSYoungGen: 29696K->27750K(56320K)] [ParOldGen: 174714K->174748K(175104K)] 204410K->202498K(231424K), [Metaspace: 3830K->3830K(1056768K)], 0.0216507 secs] [Times: user=0.11 sys=0.00, real=0.02 secs] 
2020-10-28T22:26:25.551+0800: 9.031: [Full GC (Ergonomics) [PSYoungGen: 29667K->27749K(56320K)] [ParOldGen: 174748K->174854K(175104K)] 204415K->202603K(231424K), [Metaspace: 3830K->3830K(1056768K)], 0.0228910 secs] [Times: user=0.08 sys=0.00, real=0.02 secs] 
2020-10-28T22:26:25.574+0800: 9.054: [Full GC (Ergonomics) [PSYoungGen: 29660K->28069K(56320K)] [ParOldGen: 174854K->174487K(175104K)] 204514K->202557K(231424K), [Metaspace: 3830K->3830K(1056768K)], 0.0122923 secs] [Times: user=0.13 sys=0.00, real=0.01 secs] 
2020-10-28T22:26:25.587+0800: 9.067: [Full GC (Ergonomics) [PSYoungGen: 29638K->27717K(56320K)] [ParOldGen: 174487K->174835K(175104K)] 204126K->202553K(231424K), [Metaspace: 3830K->3830K(1056768K)], 0.0174950 secs] [Times: user=0.13 sys=0.00, real=0.02 secs] 
2020-10-28T22:26:25.605+0800: 9.085: [Full GC (Ergonomics) [PSYoungGen: 29653K->27564K(56320K)] [ParOldGen: 174835K->175002K(175104K)] 204489K->202566K(231424K), [Metaspace: 3830K->3830K(1056768K)], 0.0191215 secs] [Times: user=0.13 sys=0.00, real=0.02 secs] 
2020-10-28T22:26:25.625+0800: 9.104: [Full GC (Ergonomics) [PSYoungGen: 29641K->27579K(56320K)] [ParOldGen: 175002K->175082K(175104K)] 204643K->202662K(231424K), [Metaspace: 3830K->3830K(1056768K)], 0.0147536 secs] [Times: user=0.11 sys=0.02, real=0.02 secs] 
2020-10-28T22:26:25.641+0800: 9.120: [Full GC (Ergonomics) [PSYoungGen: 29653K->27655K(56320K)] [ParOldGen: 175082K->175049K(175104K)] 204736K->202705K(231424K), [Metaspace: 3830K->3830K(1056768K)], 0.0060529 secs] [Times: user=0.13 sys=0.00, real=0.01 secs] 
2020-10-28T22:26:25.647+0800: 9.126: [Full GC (Ergonomics) [PSYoungGen: 29498K->28088K(56320K)] [ParOldGen: 175049K->174730K(175104K)] 204548K->202818K(231424K), [Metaspace: 3830K->3830K(1056768K)], 0.0107462 secs] [Times: user=0.00 sys=0.00, real=0.01 secs] 
2020-10-28T22:26:25.658+0800: 9.137: [Full GC (Ergonomics) [PSYoungGen: 29546K->28633K(56320K)] [ParOldGen: 174730K->174654K(175104K)] 204276K->203287K(231424K), [Metaspace: 3830K->3830K(1056768K)], 0.0095372 secs] [Times: user=0.13 sys=0.00, real=0.01 secs] 
2020-10-28T22:26:25.668+0800: 9.147: [Full GC (Ergonomics) [PSYoungGen: 29659K->28777K(56320K)] [ParOldGen: 174654K->174654K(175104K)] 204313K->203431K(231424K), [Metaspace: 3830K->3830K(1056768K)], 0.0028892 secs] [Times: user=0.00 sys=0.00, real=0.00 secs] 
2020-10-28T22:26:25.671+0800: 9.150: [Full GC (Ergonomics) [PSYoungGen: 29667K->28196K(56320K)] [ParOldGen: 174654K->174800K(175104K)] 204321K->202997K(231424K), [Metaspace: 3830K->3830K(1056768K)], 0.0230676 secs] [Times: user=0.23 sys=0.00, real=0.02 secs] 
2020-10-28T22:26:25.695+0800: 9.174: [Full GC (Ergonomics) [PSYoungGen: 29518K->28306K(56320K)] [ParOldGen: 174800K->174451K(175104K)] 204319K->202758K(231424K), [Metaspace: 3830K->3830K(1056768K)], 0.0164813 secs] [Times: user=0.08 sys=0.00, real=0.02 secs] 
2020-10-28T22:26:25.712+0800: 9.190: [Full GC (Ergonomics) [PSYoungGen: 29667K->27957K(56320K)] [ParOldGen: 174451K->175079K(175104K)] 204118K->203037K(231424K), [Metaspace: 3830K->3830K(1056768K)], 0.0227077 secs] [Times: user=0.11 sys=0.00, real=0.02 secs] 
2020-10-28T22:26:25.735+0800: 9.214: [Full GC (Ergonomics) [PSYoungGen: 29677K->28241K(56320K)] [ParOldGen: 175079K->174674K(175104K)] 204757K->202915K(231424K), [Metaspace: 3830K->3830K(1056768K)], 0.0192079 secs] [Times: user=0.13 sys=0.00, real=0.02 secs] 
2020-10-28T22:26:25.753+0800: 9.233: [Full GC (Ergonomics) [PSYoungGen: 29630K->28310K(56320K)] [ParOldGen: 174674K->174707K(175104K)] 204304K->203018K(231424K), [Metaspace: 3830K->3830K(1056768K)], 0.0212507 secs] [Times: user=0.23 sys=0.00, real=0.02 secs] 
2020-10-28T22:26:25.775+0800: 9.255: [Full GC (Ergonomics) [PSYoungGen: 29695K->28213K(56320K)] [ParOldGen: 174707K->174500K(175104K)] 204403K->202714K(231424K), [Metaspace: 3830K->3830K(1056768K)], 0.0236974 secs] [Times: user=0.09 sys=0.01, real=0.02 secs] 
2020-10-28T22:26:25.799+0800: 9.279: [Full GC (Ergonomics) [PSYoungGen: 29693K->27366K(56320K)] [ParOldGen: 174500K->174742K(175104K)] 204194K->202109K(231424K), [Metaspace: 3830K->3830K(1056768K)], 0.0195967 secs] [Times: user=0.14 sys=0.00, real=0.02 secs] 
2020-10-28T22:26:25.819+0800: 9.299: [Full GC (Ergonomics) [PSYoungGen: 29586K->27337K(56320K)] [ParOldGen: 174742K->174591K(175104K)] 204328K->201929K(231424K), [Metaspace: 3830K->3830K(1056768K)], 0.0231994 secs] [Times: user=0.09 sys=0.00, real=0.02 secs] 
2020-10-28T22:26:25.843+0800: 9.322: [Full GC (Ergonomics) [PSYoungGen: 29685K->27710K(56320K)] [ParOldGen: 174591K->174742K(175104K)] 204276K->202452K(231424K), [Metaspace: 3830K->3830K(1056768K)], 0.0207592 secs] [Times: user=0.17 sys=0.00, real=0.02 secs] 
2020-10-28T22:26:25.864+0800: 9.344: [Full GC (Ergonomics) [PSYoungGen: 29453K->27094K(56320K)] [ParOldGen: 174742K->174888K(175104K)] 204195K->201983K(231424K), [Metaspace: 3830K->3830K(1056768K)], 0.0163550 secs] [Times: user=0.13 sys=0.00, real=0.02 secs] 
2020-10-28T22:26:25.881+0800: 9.361: [Full GC (Ergonomics) [PSYoungGen: 29637K->27303K(56320K)] [ParOldGen: 174888K->174623K(175104K)] 204526K->201926K(231424K), [Metaspace: 3830K->3830K(1056768K)], 0.0050998 secs] [Times: user=0.00 sys=0.00, real=0.00 secs] 
2020-10-28T22:26:25.887+0800: 9.366: [Full GC (Ergonomics) [PSYoungGen: 29679K->27257K(56320K)] [ParOldGen: 174623K->174738K(175104K)] 204302K->201995K(231424K), [Metaspace: 3830K->3830K(1056768K)], 0.0218079 secs] [Times: user=0.13 sys=0.00, real=0.02 secs] 
2020-10-28T22:26:25.909+0800: 9.388: [Full GC (Ergonomics) [PSYoungGen: 29675K->27753K(56320K)] [ParOldGen: 174738K->174730K(175104K)] 204413K->202483K(231424K), [Metaspace: 3830K->3830K(1056768K)], 0.0176731 secs] [Times: user=0.25 sys=0.00, real=0.02 secs] 
2020-10-28T22:26:25.927+0800: 9.406: [Full GC (Ergonomics) [PSYoungGen: 29696K->27797K(56320K)] [ParOldGen: 174730K->174947K(175104K)] 204426K->202745K(231424K), [Metaspace: 3830K->3830K(1056768K)], 0.0176291 secs] [Times: user=0.08 sys=0.00, real=0.02 secs] 
2020-10-28T22:26:25.945+0800: 9.425: [Full GC (Ergonomics) [PSYoungGen: 29432K->28125K(56320K)] [ParOldGen: 174947K->174803K(175104K)] 204380K->202929K(231424K), [Metaspace: 3830K->3830K(1056768K)], 0.0191252 secs] [Times: user=0.13 sys=0.00, real=0.02 secs] 
2020-10-28T22:26:25.965+0800: 9.444: [Full GC (Ergonomics) [PSYoungGen: 29370K->28151K(56320K)] [ParOldGen: 174803K->174727K(175104K)] 204173K->202878K(231424K), [Metaspace: 3830K->3830K(1056768K)], 0.0191414 secs] [Times: user=0.11 sys=0.00, real=0.02 secs] 
2020-10-28T22:26:25.985+0800: 9.464: [Full GC (Ergonomics) [PSYoungGen: 29667K->28303K(56320K)] [ParOldGen: 174727K->174644K(175104K)] 204395K->202947K(231424K), [Metaspace: 3830K->3830K(1056768K)], 0.0096847 secs] [Times: user=0.13 sys=0.00, real=0.01 secs] 
2020-10-28T22:26:25.995+0800: 9.474: [Full GC (Ergonomics) [PSYoungGen: 29676K->27691K(56320K)] [ParOldGen: 174644K->175079K(175104K)] 204320K->202770K(231424K), [Metaspace: 3830K->3830K(1056768K)], 0.0087320 secs] [Times: user=0.00 sys=0.00, real=0.01 secs] 
2020-10-28T22:26:26.004+0800: 9.483: [Full GC (Ergonomics) [PSYoungGen: 29600K->27681K(56320K)] [ParOldGen: 175079K->175077K(175104K)] 204680K->202758K(231424K), [Metaspace: 3830K->3830K(1056768K)], 0.0231673 secs] [Times: user=0.13 sys=0.00, real=0.02 secs] 
2020-10-28T22:26:26.028+0800: 9.507: [Full GC (Ergonomics) [PSYoungGen: 29694K->28330K(56320K)] [ParOldGen: 175077K->174571K(175104K)] 204772K->202902K(231424K), [Metaspace: 3830K->3830K(1056768K)], 0.0212782 secs] [Times: user=0.13 sys=0.00, real=0.02 secs] 
2020-10-28T22:26:26.049+0800: 9.528: [Full GC (Ergonomics) [PSYoungGen: 29690K->28021K(56320K)] [ParOldGen: 174571K->174655K(175104K)] 204262K->202676K(231424K), [Metaspace: 3830K->3830K(1056768K)], 0.0169739 secs] [Times: user=0.02 sys=0.00, real=0.02 secs] 
2020-10-28T22:26:26.067+0800: 9.546: [Full GC (Ergonomics) [PSYoungGen: 29560K->27956K(56320K)] [ParOldGen: 174655K->174552K(175104K)] 204215K->202509K(231424K), [Metaspace: 3830K->3830K(1056768K)], 0.0206420 secs] [Times: user=0.09 sys=0.02, real=0.02 secs] 
2020-10-28T22:26:26.088+0800: 9.567: [Full GC (Ergonomics) [PSYoungGen: 29665K->27612K(56320K)] [ParOldGen: 174552K->174741K(175104K)] 204218K->202353K(231424K), [Metaspace: 3830K->3830K(1056768K)], 0.0243304 secs] [Times: user=0.11 sys=0.00, real=0.02 secs] 
2020-10-28T22:26:26.112+0800: 9.592: [Full GC (Ergonomics) [PSYoungGen: 29561K->27881K(56320K)] [ParOldGen: 174741K->174929K(175104K)] 204302K->202810K(231424K), [Metaspace: 3830K->3830K(1056768K)], 0.0227545 secs] [Times: user=0.17 sys=0.00, real=0.02 secs] 
2020-10-28T22:26:26.135+0800: 9.615: [Full GC (Ergonomics) [PSYoungGen: 29590K->27866K(56320K)] [ParOldGen: 174929K->174740K(175104K)] 204519K->202606K(231424K), [Metaspace: 3830K->3830K(1056768K)], 0.0187022 secs] [Times: user=0.11 sys=0.00, real=0.02 secs] 
2020-10-28T22:26:26.154+0800: 9.634: [Full GC (Ergonomics) [PSYoungGen: 29691K->27359K(56320K)] [ParOldGen: 174740K->174931K(175104K)] 204431K->202291K(231424K), [Metaspace: 3830K->3830K(1056768K)], 0.0164095 secs] [Times: user=0.11 sys=0.00, real=0.02 secs] 
2020-10-28T22:26:26.171+0800: 9.651: [Full GC (Ergonomics) [PSYoungGen: 29533K->27727K(56320K)] [ParOldGen: 174931K->174682K(175104K)] 204465K->202409K(231424K), [Metaspace: 3830K->3830K(1056768K)], 0.0090167 secs] [Times: user=0.11 sys=0.00, real=0.01 secs] 
2020-10-28T22:26:26.180+0800: 9.660: [Full GC (Ergonomics) [PSYoungGen: 29638K->28217K(56320K)] [ParOldGen: 174682K->174564K(175104K)] 204320K->202782K(231424K), [Metaspace: 3830K->3830K(1056768K)], 0.0195358 secs] [Times: user=0.09 sys=0.00, real=0.02 secs] 
2020-10-28T22:26:26.200+0800: 9.680: [Full GC (Ergonomics) [PSYoungGen: 29653K->28066K(56320K)] [ParOldGen: 174564K->175046K(175104K)] 204218K->203112K(231424K), [Metaspace: 3830K->3830K(1056768K)], 0.0213372 secs] [Times: user=0.09 sys=0.00, real=0.02 secs] 
2020-10-28T22:26:26.223+0800: 9.702: [Full GC (Ergonomics) [PSYoungGen: 29664K->28347K(56320K)] [ParOldGen: 175046K->174617K(175104K)] 204710K->202965K(231424K), [Metaspace: 3830K->3830K(1056768K)], 0.0134491 secs] [Times: user=0.00 sys=0.00, real=0.01 secs] 
2020-10-28T22:26:26.237+0800: 9.716: [Full GC (Ergonomics) [PSYoungGen: 29675K->28003K(56320K)] [ParOldGen: 174617K->174954K(175104K)] 204292K->202957K(231424K), [Metaspace: 3830K->3830K(1056768K)], 0.0101762 secs] [Times: user=0.13 sys=0.00, real=0.01 secs] 
2020-10-28T22:26:26.247+0800: 9.726: [Full GC (Ergonomics) [PSYoungGen: 29673K->28460K(56320K)] [ParOldGen: 174954K->174797K(175104K)] 204627K->203257K(231424K), [Metaspace: 3830K->3830K(1056768K)], 0.0079868 secs] [Times: user=0.13 sys=0.00, real=0.01 secs] 
2020-10-28T22:26:26.255+0800: 9.734: [Full GC (Ergonomics) [PSYoungGen: 29555K->29181K(56320K)] [ParOldGen: 174797K->174636K(175104K)] 204353K->203818K(231424K), [Metaspace: 3830K->3830K(1056768K)], 0.0168719 secs] [Times: user=0.02 sys=0.00, real=0.02 secs] 
2020-10-28T22:26:26.273+0800: 9.751: [Full GC (Ergonomics) [PSYoungGen: 29694K->28911K(56320K)] [ParOldGen: 174636K->174636K(175104K)] 204331K->203548K(231424K), [Metaspace: 3830K->3830K(1056768K)], 0.0032027 secs] [Times: user=0.00 sys=0.00, real=0.00 secs] 
2020-10-28T22:26:26.276+0800: 9.755: [Full GC (Ergonomics) [PSYoungGen: 29539K->28219K(56320K)] [ParOldGen: 174636K->175008K(175104K)] 204176K->203228K(231424K), [Metaspace: 3830K->3830K(1056768K)], 0.0107042 secs] [Times: user=0.11 sys=0.00, real=0.01 secs] 
2020-10-28T22:26:26.287+0800: 9.766: [Full GC (Ergonomics) [PSYoungGen: 29657K->28796K(56320K)] [ParOldGen: 175008K->174635K(175104K)] 204666K->203432K(231424K), [Metaspace: 3830K->3830K(1056768K)], 0.0186559 secs] [Times: user=0.05 sys=0.00, real=0.02 secs] 
2020-10-28T22:26:26.305+0800: 9.785: [Full GC (Ergonomics) [PSYoungGen: 29679K->28879K(56320K)] [ParOldGen: 174635K->174635K(175104K)] 204315K->203515K(231424K), [Metaspace: 3830K->3830K(1056768K)], 0.0030194 secs] [Times: user=0.00 sys=0.00, real=0.00 secs] 
2020-10-28T22:26:26.309+0800: 9.788: [Full GC (Ergonomics) [PSYoungGen: 29695K->28843K(56320K)] [ParOldGen: 174635K->174635K(175104K)] 204331K->203479K(231424K), [Metaspace: 3830K->3830K(1056768K)], 0.0026329 secs] [Times: user=0.00 sys=0.00, real=0.00 secs] 
2020-10-28T22:26:26.311+0800: 9.791: [Full GC (Ergonomics) [PSYoungGen: 29593K->28630K(56320K)] [ParOldGen: 174635K->175103K(175104K)] 204229K->203733K(231424K), [Metaspace: 3830K->3830K(1056768K)], 0.0200098 secs] [Times: user=0.14 sys=0.00, real=0.02 secs] 
2020-10-28T22:26:26.332+0800: 9.812: [Full GC (Ergonomics) [PSYoungGen: 29624K->29056K(56320K)] [ParOldGen: 175103K->174860K(175104K)] 204728K->203917K(231424K), [Metaspace: 3830K->3830K(1056768K)], 0.0181788 secs] [Times: user=0.11 sys=0.00, real=0.02 secs] 
2020-10-28T22:26:26.350+0800: 9.830: [Full GC (Ergonomics) [PSYoungGen: 29693K->28835K(56320K)] [ParOldGen: 174860K->174860K(175104K)] 204554K->203695K(231424K), [Metaspace: 3830K->3830K(1056768K)], 0.0047494 secs] [Times: user=0.00 sys=0.00, real=0.01 secs] 
2020-10-28T22:26:26.355+0800: 9.835: [Full GC (Ergonomics) [PSYoungGen: 29692K->28896K(56320K)] [ParOldGen: 174860K->174698K(175104K)] 204553K->203595K(231424K), [Metaspace: 3830K->3830K(1056768K)], 0.0173588 secs] [Times: user=0.13 sys=0.00, real=0.02 secs] 
2020-10-28T22:26:26.373+0800: 9.853: [Full GC (Ergonomics) [PSYoungGen: 29642K->29255K(56320K)] [ParOldGen: 174698K->174674K(175104K)] 204340K->203930K(231424K), [Metaspace: 3830K->3830K(1056768K)], 0.0146444 secs] [Times: user=0.13 sys=0.00, real=0.02 secs] 
2020-10-28T22:26:26.388+0800: 9.868: [Full GC (Ergonomics) [PSYoungGen: 29679K->28997K(56320K)] [ParOldGen: 174674K->174593K(175104K)] 204354K->203590K(231424K), [Metaspace: 3830K->3830K(1056768K)], 0.0306356 secs] [Times: user=0.20 sys=0.01, real=0.03 secs] 
2020-10-28T22:26:26.419+0800: 9.899: [Full GC (Ergonomics) [PSYoungGen: 29349K->28501K(56320K)] [ParOldGen: 174593K->174986K(175104K)] 203942K->203487K(231424K), [Metaspace: 3830K->3830K(1056768K)], 0.0098705 secs] [Times: user=0.13 sys=0.00, real=0.01 secs] 
2020-10-28T22:26:26.429+0800: 9.909: [Full GC (Ergonomics) [PSYoungGen: 29650K->28900K(56320K)] [ParOldGen: 174986K->174948K(175104K)] 204636K->203849K(231424K), [Metaspace: 3830K->3830K(1056768K)], 0.0089236 secs] [Times: user=0.00 sys=0.00, real=0.01 secs] 
2020-10-28T22:26:26.439+0800: 9.918: [Full GC (Ergonomics) [PSYoungGen: 29694K->28960K(56320K)] [ParOldGen: 174948K->174616K(175104K)] 204642K->203576K(231424K), [Metaspace: 3830K->3830K(1056768K)], 0.0099698 secs] [Times: user=0.13 sys=0.00, real=0.01 secs] 
2020-10-28T22:26:26.449+0800: 9.928: [Full GC (Ergonomics) [PSYoungGen: 29631K->29248K(56320K)] [ParOldGen: 174616K->174616K(175104K)] 204248K->203864K(231424K), [Metaspace: 3830K->3830K(1056768K)], 0.0027577 secs] [Times: user=0.00 sys=0.00, real=0.00 secs] 
2020-10-28T22:26:26.452+0800: 9.931: [Full GC (Ergonomics) [PSYoungGen: 29689K->29044K(56320K)] [ParOldGen: 174616K->174467K(175104K)] 204305K->203512K(231424K), [Metaspace: 3830K->3830K(1056768K)], 0.0174032 secs] [Times: user=0.13 sys=0.00, real=0.02 secs] 
2020-10-28T22:26:26.470+0800: 9.949: [Full GC (Ergonomics) [PSYoungGen: 29598K->29314K(56320K)] [ParOldGen: 174467K->174467K(175104K)] 204065K->203782K(231424K), [Metaspace: 3830K->3830K(1056768K)], 0.0030083 secs] [Times: user=0.00 sys=0.00, real=0.00 secs] 
2020-10-28T22:26:26.473+0800: 9.952: [Full GC (Ergonomics) [PSYoungGen: 29640K->29026K(56320K)] [ParOldGen: 174467K->174467K(175104K)] 204107K->203494K(231424K), [Metaspace: 3830K->3830K(1056768K)], 0.0029002 secs] [Times: user=0.00 sys=0.00, real=0.00 secs] 
2020-10-28T22:26:26.476+0800: 9.955: [Full GC (Ergonomics) [PSYoungGen: 29545K->29170K(56320K)] [ParOldGen: 174467K->174467K(175104K)] 204012K->203638K(231424K), [Metaspace: 3830K->3830K(1056768K)], 0.0028079 secs] [Times: user=0.00 sys=0.00, real=0.00 secs] 
2020-10-28T22:26:26.479+0800: 9.958: [Full GC (Ergonomics) [PSYoungGen: 29687K->29026K(56320K)] [ParOldGen: 174467K->174467K(175104K)] 204155K->203494K(231424K), [Metaspace: 3830K->3830K(1056768K)], 0.0025207 secs] [Times: user=0.00 sys=0.00, real=0.00 secs] 
2020-10-28T22:26:26.482+0800: 9.961: [Full GC (Ergonomics) [PSYoungGen: 29661K->28628K(56320K)] [ParOldGen: 174467K->175035K(175104K)] 204128K->203664K(231424K), [Metaspace: 3830K->3830K(1056768K)], 0.0216632 secs] [Times: user=0.14 sys=0.00, real=0.02 secs] 
2020-10-28T22:26:26.504+0800: 9.983: [Full GC (Ergonomics) [PSYoungGen: 29691K->28024K(56320K)] [ParOldGen: 175035K->174908K(175104K)] 204726K->202932K(231424K), [Metaspace: 3830K->3830K(1056768K)], 0.0191928 secs] [Times: user=0.13 sys=0.00, real=0.02 secs] 
2020-10-28T22:26:26.524+0800: 10.003: [Full GC (Ergonomics) [PSYoungGen: 29562K->27906K(56320K)] [ParOldGen: 174908K->174846K(175104K)] 204470K->202753K(231424K), [Metaspace: 3830K->3830K(1056768K)], 0.0171294 secs] [Times: user=0.01 sys=0.00, real=0.02 secs] 
2020-10-28T22:26:26.541+0800: 10.020: [Full GC (Ergonomics) [PSYoungGen: 29653K->27596K(56320K)] [ParOldGen: 174846K->175026K(175104K)] 204499K->202622K(231424K), [Metaspace: 3830K->3830K(1056768K)], 0.0188950 secs] [Times: user=0.13 sys=0.00, real=0.02 secs] 
2020-10-28T22:26:26.561+0800: 10.040: [Full GC (Ergonomics) [PSYoungGen: 29600K->27871K(56320K)] [ParOldGen: 175026K->174618K(175104K)] 204626K->202489K(231424K), [Metaspace: 3830K->3830K(1056768K)], 0.0214081 secs] [Times: user=0.13 sys=0.00, real=0.02 secs] 
2020-10-28T22:26:26.582+0800: 10.062: [Full GC (Ergonomics) [PSYoungGen: 29679K->27442K(56320K)] [ParOldGen: 174618K->174966K(175104K)] 204297K->202408K(231424K), [Metaspace: 3830K->3830K(1056768K)], 0.0129061 secs] [Times: user=0.02 sys=0.00, real=0.01 secs] 
2020-10-28T22:26:26.596+0800: 10.075: [Full GC (Ergonomics) [PSYoungGen: 29625K->28520K(56320K)] [ParOldGen: 174966K->174764K(175104K)] 204592K->203284K(231424K), [Metaspace: 3830K->3830K(1056768K)], 0.0083154 secs] [Times: user=0.01 sys=0.00, real=0.01 secs] 
2020-10-28T22:26:26.605+0800: 10.084: [Full GC (Ergonomics) [PSYoungGen: 29574K->28292K(56320K)] [ParOldGen: 174764K->174630K(175104K)] 204339K->202922K(231424K), [Metaspace: 3830K->3830K(1056768K)], 0.0161310 secs] [Times: user=0.11 sys=0.00, real=0.02 secs] 
2020-10-28T22:26:26.621+0800: 10.100: [Full GC (Ergonomics) [PSYoungGen: 29606K->27940K(56320K)] [ParOldGen: 174630K->175072K(175104K)] 204236K->203012K(231424K), [Metaspace: 3830K->3830K(1056768K)], 0.0219186 secs] [Times: user=0.11 sys=0.00, real=0.02 secs] 
2020-10-28T22:26:26.643+0800: 10.122: [Full GC (Ergonomics) [PSYoungGen: 29694K->28977K(56320K)] [ParOldGen: 175072K->174490K(175104K)] 204766K->203467K(231424K), [Metaspace: 3830K->3830K(1056768K)], 0.0187555 secs] [Times: user=0.14 sys=0.00, real=0.02 secs] 
2020-10-28T22:26:26.662+0800: 10.141: [Full GC (Ergonomics) [PSYoungGen: 29627K->28399K(56320K)] [ParOldGen: 174490K->174823K(175104K)] 204117K->203223K(231424K), [Metaspace: 3830K->3830K(1056768K)], 0.0176935 secs] [Times: user=0.11 sys=0.02, real=0.02 secs] 
2020-10-28T22:26:26.680+0800: 10.159: [Full GC (Ergonomics) [PSYoungGen: 29454K->28510K(56320K)] [ParOldGen: 174823K->174698K(175104K)] 204278K->203208K(231424K), [Metaspace: 3830K->3830K(1056768K)], 0.0047570 secs] [Times: user=0.00 sys=0.00, real=0.00 secs] 
2020-10-28T22:26:26.685+0800: 10.164: [Full GC (Ergonomics) [PSYoungGen: 29438K->28621K(56320K)] [ParOldGen: 174698K->174798K(175104K)] 204137K->203419K(231424K), [Metaspace: 3830K->3830K(1056768K)], 0.0216842 secs] [Times: user=0.13 sys=0.00, real=0.02 secs] 
2020-10-28T22:26:26.707+0800: 10.186: [Full GC (Ergonomics) [PSYoungGen: 29648K->28251K(56320K)] [ParOldGen: 174798K->174832K(175104K)] 204446K->203084K(231424K), [Metaspace: 3830K->3830K(1056768K)], 0.0168525 secs] [Times: user=0.13 sys=0.00, real=0.02 secs] 
2020-10-28T22:26:26.724+0800: 10.204: [Full GC (Ergonomics) [PSYoungGen: 29626K->28581K(56320K)] [ParOldGen: 174832K->174549K(175104K)] 204458K->203131K(231424K), [Metaspace: 3830K->3830K(1056768K)], 0.0181654 secs] [Times: user=0.06 sys=0.00, real=0.02 secs] 
2020-10-28T22:26:26.743+0800: 10.222: [Full GC (Ergonomics) [PSYoungGen: 29659K->27810K(56320K)] [ParOldGen: 174549K->175056K(175104K)] 204209K->202866K(231424K), [Metaspace: 3830K->3830K(1056768K)], 0.0242864 secs] [Times: user=0.09 sys=0.00, real=0.02 secs] 
2020-10-28T22:26:26.767+0800: 10.247: [Full GC (Ergonomics) [PSYoungGen: 29594K->27632K(56320K)] [ParOldGen: 175056K->175051K(175104K)] 204651K->202683K(231424K), [Metaspace: 3830K->3830K(1056768K)], 0.0245188 secs] [Times: user=0.23 sys=0.00, real=0.03 secs] 
2020-10-28T22:26:26.793+0800: 10.272: [Full GC (Ergonomics) [PSYoungGen: 29620K->28097K(56320K)] [ParOldGen: 175051K->174853K(175104K)] 204671K->202951K(231424K), [Metaspace: 3830K->3830K(1056768K)], 0.0141406 secs] [Times: user=0.11 sys=0.02, real=0.01 secs] 
2020-10-28T22:26:26.808+0800: 10.287: [Full GC (Ergonomics) [PSYoungGen: 29679K->28260K(56320K)] [ParOldGen: 174853K->174739K(175104K)] 204533K->203000K(231424K), [Metaspace: 3830K->3830K(1056768K)], 0.0319219 secs] [Times: user=0.23 sys=0.00, real=0.03 secs] 
2020-10-28T22:26:26.840+0800: 10.320: [Full GC (Ergonomics) [PSYoungGen: 29619K->28171K(56320K)] [ParOldGen: 174739K->174679K(175104K)] 204359K->202850K(231424K), [Metaspace: 3830K->3830K(1056768K)], 0.0231768 secs] [Times: user=0.13 sys=0.00, real=0.02 secs] 
2020-10-28T22:26:26.864+0800: 10.343: [Full GC (Ergonomics) [PSYoungGen: 29512K->28487K(56320K)] [ParOldGen: 174679K->174467K(175104K)] 204191K->202955K(231424K), [Metaspace: 3830K->3830K(1056768K)], 0.0201696 secs] [Times: user=0.09 sys=0.00, real=0.02 secs] 
2020-10-28T22:26:26.884+0800: 10.364: [Full GC (Ergonomics) [PSYoungGen: 29693K->27835K(56320K)] [ParOldGen: 174467K->175077K(175104K)] 204161K->202912K(231424K), [Metaspace: 3830K->3830K(1056768K)], 0.0214430 secs] [Times: user=0.11 sys=0.02, real=0.02 secs] 
2020-10-28T22:26:26.906+0800: 10.386: [Full GC (Ergonomics) [PSYoungGen: 29678K->28352K(56320K)] [ParOldGen: 175077K->174742K(175104K)] 204755K->203095K(231424K), [Metaspace: 3830K->3830K(1056768K)], 0.0156160 secs] [Times: user=0.11 sys=0.02, real=0.02 secs] 
2020-10-28T22:26:26.922+0800: 10.401: [Full GC (Ergonomics) [PSYoungGen: 29578K->28826K(56320K)] [ParOldGen: 174742K->174600K(175104K)] 204321K->203427K(231424K), [Metaspace: 3830K->3830K(1056768K)], 0.0185587 secs] [Times: user=0.13 sys=0.00, real=0.02 secs] 
2020-10-28T22:26:26.941+0800: 10.420: [Full GC (Ergonomics) [PSYoungGen: 29624K->28220K(56320K)] [ParOldGen: 174600K->175101K(175104K)] 204225K->203322K(231424K), [Metaspace: 3830K->3830K(1056768K)], 0.0105766 secs] [Times: user=0.13 sys=0.00, real=0.01 secs] 
2020-10-28T22:26:26.952+0800: 10.431: [Full GC (Ergonomics) [PSYoungGen: 29659K->28483K(56320K)] [ParOldGen: 175101K->175048K(175104K)] 204760K->203531K(231424K), [Metaspace: 3830K->3830K(1056768K)], 0.0165260 secs] [Times: user=0.11 sys=0.02, real=0.02 secs] 
2020-10-28T22:26:26.970+0800: 10.449: [Full GC (Ergonomics) [PSYoungGen: 29667K->28867K(56320K)] [ParOldGen: 175048K->174900K(175104K)] 204716K->203767K(231424K), [Metaspace: 3830K->3830K(1056768K)], 0.0194367 secs] [Times: user=0.14 sys=0.00, real=0.02 secs] 
2020-10-28T22:26:26.990+0800: 10.469: [Full GC (Ergonomics) [PSYoungGen: 29672K->28427K(56320K)] [ParOldGen: 174900K->174809K(175104K)] 204572K->203237K(231424K), [Metaspace: 3830K->3830K(1056768K)], 0.0192695 secs] [Times: user=0.13 sys=0.00, real=0.02 secs] 
2020-10-28T22:26:27.009+0800: 10.488: [Full GC (Ergonomics) [PSYoungGen: 29469K->28578K(56320K)] [ParOldGen: 174809K->174662K(175104K)] 204278K->203241K(231424K), [Metaspace: 3830K->3830K(1056768K)], 0.0070646 secs] [Times: user=0.00 sys=0.00, real=0.01 secs] 
2020-10-28T22:26:27.017+0800: 10.496: [Full GC (Ergonomics) [PSYoungGen: 29630K->28654K(56320K)] [ParOldGen: 174662K->174994K(175104K)] 204292K->203649K(231424K), [Metaspace: 3830K->3830K(1056768K)], 0.0147687 secs] [Times: user=0.09 sys=0.01, real=0.02 secs] 
2020-10-28T22:26:27.032+0800: 10.511: [Full GC (Ergonomics) [PSYoungGen: 29593K->28798K(56320K)] [ParOldGen: 174994K->174994K(175104K)] 204587K->203793K(231424K), [Metaspace: 3830K->3830K(1056768K)], 0.0032605 secs] [Times: user=0.00 sys=0.00, real=0.00 secs] 
2020-10-28T22:26:27.035+0800: 10.514: [Full GC (Ergonomics) [PSYoungGen: 29661K->28654K(56320K)] [ParOldGen: 174994K->174994K(175104K)] 204655K->203649K(231424K), [Metaspace: 3830K->3830K(1056768K)], 0.0025970 secs] [Times: user=0.13 sys=0.00, real=0.00 secs] 
2020-10-28T22:26:27.038+0800: 10.517: [Full GC (Ergonomics) [PSYoungGen: 29653K->29360K(56320K)] [ParOldGen: 174994K->174641K(175104K)] 204648K->204002K(231424K), [Metaspace: 3830K->3830K(1056768K)], 0.0167415 secs] [Times: user=0.08 sys=0.00, real=0.02 secs] 
2020-10-28T22:26:27.054+0800: 10.534: [Full GC (Ergonomics) [PSYoungGen: 29504K->29432K(56320K)] [ParOldGen: 174641K->174641K(175104K)] 204146K->204074K(231424K), [Metaspace: 3830K->3830K(1056768K)], 0.0030305 secs] [Times: user=0.00 sys=0.00, real=0.00 secs] 
2020-10-28T22:26:27.057+0800: 10.537: [Full GC (Ergonomics) [PSYoungGen: 29664K->29288K(56320K)] [ParOldGen: 175033K->174595K(175104K)] 204698K->203884K(231424K), [Metaspace: 3830K->3830K(1056768K)], 0.0077968 secs] [Times: user=0.00 sys=0.00, real=0.01 secs] 
2020-10-28T22:26:27.065+0800: 10.545: [Full GC (Ergonomics) [PSYoungGen: 29521K->28899K(56320K)] [ParOldGen: 174595K->175092K(175104K)] 204117K->203992K(231424K), [Metaspace: 3830K->3830K(1056768K)], 0.0053963 secs] [Times: user=0.05 sys=0.00, real=0.01 secs] 
2020-10-28T22:26:27.071+0800: 10.551: [Full GC (Ergonomics) [PSYoungGen: 29677K->28986K(56320K)] [ParOldGen: 175092K->175016K(175104K)] 204770K->204002K(231424K), [Metaspace: 3830K->3830K(1056768K)], 0.0054838 secs] [Times: user=0.00 sys=0.00, real=0.01 secs] 
2020-10-28T22:26:27.077+0800: 10.557: [Full GC (Ergonomics) [PSYoungGen: 29660K->29045K(56320K)] [ParOldGen: 175016K->174838K(175104K)] 204677K->203883K(231424K), [Metaspace: 3830K->3830K(1056768K)], 0.0028979 secs] [Times: user=0.00 sys=0.00, real=0.00 secs] 
2020-10-28T22:26:27.080+0800: 10.560: [Full GC (Ergonomics) [PSYoungGen: 29628K->29198K(56320K)] [ParOldGen: 174838K->174718K(175104K)] 204467K->203916K(231424K), [Metaspace: 3830K->3830K(1056768K)], 0.0192578 secs] [Times: user=0.11 sys=0.02, real=0.02 secs] 
2020-10-28T22:26:27.100+0800: 10.579: [Full GC (Ergonomics) [PSYoungGen: 29680K->29436K(56320K)] [ParOldGen: 174718K->174677K(175104K)] 204398K->204114K(231424K), [Metaspace: 3830K->3830K(1056768K)], 0.0157041 secs] [Times: user=0.02 sys=0.00, real=0.02 secs] 
2020-10-28T22:26:27.116+0800: 10.595: [Full GC (Ergonomics) [PSYoungGen: 29580K->29508K(56320K)] [ParOldGen: 174677K->174677K(175104K)] 204258K->204186K(231424K), [Metaspace: 3830K->3830K(1056768K)], 0.0027254 secs] [Times: user=0.00 sys=0.00, real=0.00 secs] 
2020-10-28T22:26:27.118+0800: 10.598: [Full GC (Ergonomics) [PSYoungGen: 29681K->29364K(56320K)] [ParOldGen: 175024K->174685K(175104K)] 204705K->204049K(231424K), [Metaspace: 3830K->3830K(1056768K)], 0.0173957 secs] [Times: user=0.13 sys=0.00, real=0.02 secs] 
2020-10-28T22:26:27.136+0800: 10.616: [Full GC (Ergonomics) [PSYoungGen: 29688K->29003K(56320K)] [ParOldGen: 175080K->174944K(175104K)] 204769K->203947K(231424K), [Metaspace: 3830K->3830K(1056768K)], 0.0239904 secs] [Times: user=0.25 sys=0.00, real=0.02 secs] 
2020-10-28T22:26:27.160+0800: 10.640: [Full GC (Ergonomics) [PSYoungGen: 29688K->29136K(56320K)] [ParOldGen: 174944K->174916K(175104K)] 204632K->204052K(231424K), [Metaspace: 3830K->3830K(1056768K)], 0.0166932 secs] [Times: user=0.13 sys=0.00, real=0.02 secs] 
2020-10-28T22:26:27.177+0800: 10.657: [Full GC (Ergonomics) [PSYoungGen: 29691K->29544K(56320K)] [ParOldGen: 174916K->174840K(175104K)] 204607K->204384K(231424K), [Metaspace: 3830K->3830K(1056768K)], 0.0114745 secs] [Times: user=0.00 sys=0.00, real=0.01 secs] 
2020-10-28T22:26:27.189+0800: 10.669: [Full GC (Ergonomics) [PSYoungGen: 29675K->29562K(56320K)] [ParOldGen: 174840K->174840K(175104K)] 204515K->204402K(231424K), [Metaspace: 3830K->3830K(1056768K)], 0.0028387 secs] [Times: user=0.13 sys=0.00, real=0.00 secs] 
2020-10-28T22:26:27.192+0800: 10.671: [Full GC (Ergonomics) [PSYoungGen: 29631K->29568K(56320K)] [ParOldGen: 174840K->174812K(175104K)] 204472K->204381K(231424K), [Metaspace: 3830K->3830K(1056768K)], 0.0062378 secs] [Times: user=0.00 sys=0.00, real=0.01 secs] 
2020-10-28T22:26:27.198+0800: 10.678: [Full GC (Ergonomics) [PSYoungGen: 29628K->29568K(56320K)] [ParOldGen: 174998K->174886K(175104K)] 204626K->204455K(231424K), [Metaspace: 3830K->3830K(1056768K)], 0.0174024 secs] [Times: user=0.11 sys=0.01, real=0.02 secs] 
2020-10-28T22:26:27.216+0800: 10.695: [Full GC (Allocation Failure) [PSYoungGen: 29568K->29568K(56320K)] [ParOldGen: 174886K->174826K(175104K)] 204455K->204395K(231424K), [Metaspace: 3830K->3830K(1056768K)], 0.0280503 secs] [Times: user=0.20 sys=0.00, real=0.03 secs] 
Heap
 PSYoungGen      total 56320K, used 29696K [0x00000000fab00000, 0x0000000100000000, 0x0000000100000000)
  eden space 29696K, 100% used [0x00000000fab00000,0x00000000fc800000,0x00000000fc800000)
  from space 26624K, 0% used [0x00000000fe600000,0x00000000fe600000,0x0000000100000000)
  to   space 28672K, 0% used [0x00000000fc800000,0x00000000fc800000,0x00000000fe400000)
 ParOldGen       total 175104K, used 174826K [0x00000000f0000000, 0x00000000fab00000, 0x00000000fab00000)
  object space 175104K, 99% used [0x00000000f0000000,0x00000000faabaa50,0x00000000fab00000)
 Metaspace       used 3861K, capacity 4540K, committed 4864K, reserved 1056768K
  class space    used 423K, capacity 428K, committed 512K, reserved 1048576K
